TAP version 13
# tst_Blacklisted
ok 1 - initTestCase()
ok 2 - pass() # TODO
  ---
  extensions:
    messages:
    - severity: debug
      message: This test should BPASS
  ...
ok 3 - skip() # SKIP This test should SKIP
not ok 4 - fail() # TODO 'false' returned FALSE. (This test should BFAIL)
  ---
  type: QVERIFY
  message: This test should BFAIL
  wanted: true (false)
  found: false (false)
  expected: true (false)
  actual: false (false)
  at: tst_Blacklisted::fail() (qtbase/tests/auto/testlib/selftests/blacklisted/tst_blacklisted.cpp:0)
  file: qtbase/tests/auto/testlib/selftests/blacklisted/tst_blacklisted.cpp
  line: 0
  ...
not ok 5 - xfail() # TODO This test should BXFAIL then BPASS
  ---
  extensions:
    messages:
    - severity: xfail
      message: This test should BXFAIL then BPASS
      at: tst_Blacklisted::xfail() (qtbase/tests/auto/testlib/selftests/blacklisted/tst_blacklisted.cpp:0)
      file: qtbase/tests/auto/testlib/selftests/blacklisted/tst_blacklisted.cpp
      line: 0
  ...
ok 6 - multiSkip() # SKIP This skip should be repeated ten times
ok 6 - multiSkip() # SKIP This skip should be repeated ten times
ok 6 - multiSkip() # SKIP This skip should be repeated ten times
ok 6 - multiSkip() # SKIP This skip should be repeated ten times
ok 6 - multiSkip() # SKIP This skip should be repeated ten times
ok 6 - multiSkip() # SKIP This skip should be repeated ten times
ok 6 - multiSkip() # SKIP This skip should be repeated ten times
ok 6 - multiSkip() # SKIP This skip should be repeated ten times
ok 6 - multiSkip() # SKIP This skip should be repeated ten times
ok 6 - multiSkip() # SKIP This skip should be repeated ten times
ok 6 - multiSkip() # SKIP But this test should only contribute one to the skip count
not ok 7 - multiFail() # TODO This failure message should be repeated ten times
  ---
  at: tst_Blacklisted::multiFail() (qtbase/tests/auto/testlib/selftests/blacklisted/tst_blacklisted.cpp:0)
  file: qtbase/tests/auto/testlib/selftests/blacklisted/tst_blacklisted.cpp
  line: 0
  ...
not ok 7 - multiFail() # TODO This failure message should be repeated ten times
  ---
  at: tst_Blacklisted::multiFail() (qtbase/tests/auto/testlib/selftests/blacklisted/tst_blacklisted.cpp:0)
  file: qtbase/tests/auto/testlib/selftests/blacklisted/tst_blacklisted.cpp
  line: 0
  ...
not ok 7 - multiFail() # TODO This failure message should be repeated ten times
  ---
  at: tst_Blacklisted::multiFail() (qtbase/tests/auto/testlib/selftests/blacklisted/tst_blacklisted.cpp:0)
  file: qtbase/tests/auto/testlib/selftests/blacklisted/tst_blacklisted.cpp
  line: 0
  ...
not ok 7 - multiFail() # TODO This failure message should be repeated ten times
  ---
  at: tst_Blacklisted::multiFail() (qtbase/tests/auto/testlib/selftests/blacklisted/tst_blacklisted.cpp:0)
  file: qtbase/tests/auto/testlib/selftests/blacklisted/tst_blacklisted.cpp
  line: 0
  ...
not ok 7 - multiFail() # TODO This failure message should be repeated ten times
  ---
  at: tst_Blacklisted::multiFail() (qtbase/tests/auto/testlib/selftests/blacklisted/tst_blacklisted.cpp:0)
  file: qtbase/tests/auto/testlib/selftests/blacklisted/tst_blacklisted.cpp
  line: 0
  ...
not ok 7 - multiFail() # TODO This failure message should be repeated ten times
  ---
  at: tst_Blacklisted::multiFail() (qtbase/tests/auto/testlib/selftests/blacklisted/tst_blacklisted.cpp:0)
  file: qtbase/tests/auto/testlib/selftests/blacklisted/tst_blacklisted.cpp
  line: 0
  ...
not ok 7 - multiFail() # TODO This failure message should be repeated ten times
  ---
  at: tst_Blacklisted::multiFail() (qtbase/tests/auto/testlib/selftests/blacklisted/tst_blacklisted.cpp:0)
  file: qtbase/tests/auto/testlib/selftests/blacklisted/tst_blacklisted.cpp
  line: 0
  ...
not ok 7 - multiFail() # TODO This failure message should be repeated ten times
  ---
  at: tst_Blacklisted::multiFail() (qtbase/tests/auto/testlib/selftests/blacklisted/tst_blacklisted.cpp:0)
  file: qtbase/tests/auto/testlib/selftests/blacklisted/tst_blacklisted.cpp
  line: 0
  ...
not ok 7 - multiFail() # TODO This failure message should be repeated ten times
  ---
  at: tst_Blacklisted::multiFail() (qtbase/tests/auto/testlib/selftests/blacklisted/tst_blacklisted.cpp:0)
  file: qtbase/tests/auto/testlib/selftests/blacklisted/tst_blacklisted.cpp
  line: 0
  ...
not ok 7 - multiFail() # TODO This failure message should be repeated ten times
  ---
  at: tst_Blacklisted::multiFail() (qtbase/tests/auto/testlib/selftests/blacklisted/tst_blacklisted.cpp:0)
  file: qtbase/tests/auto/testlib/selftests/blacklisted/tst_blacklisted.cpp
  line: 0
  ...
not ok 7 - multiFail() # TODO But this test should only contribute one to the blacklisted count
  ---
  at: tst_Blacklisted::multiFail() (qtbase/tests/auto/testlib/selftests/blacklisted/tst_blacklisted.cpp:0)
  file: qtbase/tests/auto/testlib/selftests/blacklisted/tst_blacklisted.cpp
  line: 0
  ...
not ok 8 - xfailContinueSkip() # SKIP This skip should be seen and counted
  ---
  at: tst_Blacklisted::xfailContinueSkip() (qtbase/tests/auto/testlib/selftests/blacklisted/tst_blacklisted.cpp:0)
  file: qtbase/tests/auto/testlib/selftests/blacklisted/tst_blacklisted.cpp
  line: 0
  extensions:
    messages:
    - severity: xfail
      message: This test should BXFAIL then SKIP
      at: tst_Blacklisted::xfailContinueSkip() (qtbase/tests/auto/testlib/selftests/blacklisted/tst_blacklisted.cpp:0)
      file: qtbase/tests/auto/testlib/selftests/blacklisted/tst_blacklisted.cpp
      line: 0
  ...
not ok 9 - xfailContinueFail() # TODO This fail should be seen and counted as blacklisted
  ---
  at: tst_Blacklisted::xfailContinueFail() (qtbase/tests/auto/testlib/selftests/blacklisted/tst_blacklisted.cpp:0)
  file: qtbase/tests/auto/testlib/selftests/blacklisted/tst_blacklisted.cpp
  line: 0
  extensions:
    messages:
    - severity: xfail
      message: This test should BXFAIL then BFAIL
      at: tst_Blacklisted::xfailContinueFail() (qtbase/tests/auto/testlib/selftests/blacklisted/tst_blacklisted.cpp:0)
      file: qtbase/tests/auto/testlib/selftests/blacklisted/tst_blacklisted.cpp
      line: 0
  ...
ok 10 - xpass() # TODO 'true' returned TRUE unexpectedly. (This test should BXPASS)
ok 11 - xpassContinueSkip() # TODO 'true' returned TRUE unexpectedly. (This test should BXPASS then SKIP)
ok 11 - xpassContinueSkip() # SKIP This skip should be seen but not counted
ok 12 - xpassContinueFail() # TODO 'true' returned TRUE unexpectedly. (This test should BXPASS then BFAIL)
not ok 12 - xpassContinueFail() # TODO This fail should be seen and not counted (due to prior XPASS)
  ---
  at: tst_Blacklisted::xpassContinueFail() (qtbase/tests/auto/testlib/selftests/blacklisted/tst_blacklisted.cpp:0)
  file: qtbase/tests/auto/testlib/selftests/blacklisted/tst_blacklisted.cpp
  line: 0
  ...
ok 13 - cleanupTestCase()
  ---
  extensions:
    messages:
    - severity: debug
      message: Totals should add up to 13: 2 passed, 0 failed, 3 skipped, 8 blacklisted
  ...
1..13
# tests 13
# pass 2
# fail 0
