TAP version 13
# tst_Signaldumper
# Signal: QThread(_POINTER_) started ()
ok 1 - initTestCase()
# Signal: SignalSlotClass(_POINTER_) signalWithoutParameters ()
# Signal: SignalSlotClass(_POINTER_) signalWithParameters (int(242), char(m))
ok 2 - noConnections()
# Signal: SignalSlotClass(_POINTER_) signalWithoutParameters ()
# Signal: QEventDispatcherPlatform(_POINTER_) awake ()
# Signal: SignalSlotClass(_POINTER_) signalWithParameters (int(242), char(m))
# Signal: QEventDispatcherPlatform(_POINTER_) awake ()
# Signal: SignalSlotClass(_POINTER_) signalWithParameters (int(242), char(m))
# Signal: QEventDispatcherPlatform(_POINTER_) awake ()
ok 3 - oneSlot(direct)
# Signal: SignalSlotClass(_POINTER_) signalWithoutParameters ()
# Signal: QEventDispatcherPlatform(_POINTER_) awake ()
# Signal: SignalSlotClass(_POINTER_) signalWithParameters (int(242), char(m))
# Signal: QEventDispatcherPlatform(_POINTER_) awake ()
# Signal: SignalSlotClass(_POINTER_) signalWithParameters (int(242), char(m))
# Signal: QEventDispatcherPlatform(_POINTER_) awake ()
ok 4 - oneSlot(queued)
# Signal: SignalSlotClass(_POINTER_) signalWithoutParameters ()
#     Slot: SignalSlotClass(_POINTER_) slotWithoutParameters()
# Signal: QEventDispatcherPlatform(_POINTER_) awake ()
# Signal: SignalSlotClass(_POINTER_) signalWithParameters (int(242), char(m))
#     Slot: SignalSlotClass(_POINTER_) slotWithParameters(int,char)
# Signal: QEventDispatcherPlatform(_POINTER_) awake ()
# Signal: SignalSlotClass(_POINTER_) signalWithParameters (int(242), char(m))
#     Slot: SignalSlotClass(_POINTER_) slotWithoutParameters()
# Signal: QEventDispatcherPlatform(_POINTER_) awake ()
ok 5 - oneSlotOldSyntax(direct)
# Signal: SignalSlotClass(_POINTER_) signalWithoutParameters ()
# Signal: QEventDispatcherPlatform(_POINTER_) awake ()
# Signal: SignalSlotClass(_POINTER_) signalWithParameters (int(242), char(m))
# Signal: QEventDispatcherPlatform(_POINTER_) awake ()
# Signal: SignalSlotClass(_POINTER_) signalWithParameters (int(242), char(m))
# Signal: QEventDispatcherPlatform(_POINTER_) awake ()
ok 6 - oneSlotOldSyntax(queued)
# Signal: SignalSlotClass(_POINTER_) signalWithoutParameters ()
# Signal: QEventDispatcherPlatform(_POINTER_) awake ()
# Signal: SignalSlotClass(_POINTER_) signalWithParameters (int(242), char(m))
# Signal: QEventDispatcherPlatform(_POINTER_) awake ()
# Signal: SignalSlotClass(_POINTER_) signalWithParameters (int(242), char(m))
# Signal: QEventDispatcherPlatform(_POINTER_) awake ()
ok 7 - twoSlots(direct)
# Signal: SignalSlotClass(_POINTER_) signalWithoutParameters ()
# Signal: QEventDispatcherPlatform(_POINTER_) awake ()
# Signal: SignalSlotClass(_POINTER_) signalWithParameters (int(242), char(m))
# Signal: QEventDispatcherPlatform(_POINTER_) awake ()
# Signal: SignalSlotClass(_POINTER_) signalWithParameters (int(242), char(m))
# Signal: QEventDispatcherPlatform(_POINTER_) awake ()
ok 8 - twoSlots(queued)
# Signal: SignalSlotClass(_POINTER_) signalWithoutParameters ()
#     Slot: SignalSlotClass(_POINTER_) slotWithoutParameters()
#     Slot: SignalSlotClass(_POINTER_) slotWithoutParameters()
# Signal: QEventDispatcherPlatform(_POINTER_) awake ()
# Signal: SignalSlotClass(_POINTER_) signalWithParameters (int(242), char(m))
#     Slot: SignalSlotClass(_POINTER_) slotWithParameters(int,char)
#     Slot: SignalSlotClass(_POINTER_) slotWithParameters(int,char)
# Signal: QEventDispatcherPlatform(_POINTER_) awake ()
# Signal: SignalSlotClass(_POINTER_) signalWithParameters (int(242), char(m))
#     Slot: SignalSlotClass(_POINTER_) slotWithoutParameters()
#     Slot: SignalSlotClass(_POINTER_) slotWithoutParameters()
# Signal: QEventDispatcherPlatform(_POINTER_) awake ()
ok 9 - twoSlotsOldSyntax(direct)
# Signal: SignalSlotClass(_POINTER_) signalWithoutParameters ()
# Signal: QEventDispatcherPlatform(_POINTER_) awake ()
# Signal: SignalSlotClass(_POINTER_) signalWithParameters (int(242), char(m))
# Signal: QEventDispatcherPlatform(_POINTER_) awake ()
# Signal: SignalSlotClass(_POINTER_) signalWithParameters (int(242), char(m))
# Signal: QEventDispatcherPlatform(_POINTER_) awake ()
ok 10 - twoSlotsOldSyntax(queued)
# Signal: SignalSlotClass(_POINTER_) signalWithoutParameters ()
#     Signal: SignalSlotClass(_POINTER_) nestedSignal ()
# Signal: QEventDispatcherPlatform(_POINTER_) awake ()
# Signal: SignalSlotClass(_POINTER_) signalWithParameters (int(242), char(m))
#     Signal: SignalSlotClass(_POINTER_) nestedSignalWithParameters (int(242), char(m))
# Signal: QEventDispatcherPlatform(_POINTER_) awake ()
# Signal: SignalSlotClass(_POINTER_) signalWithParameters (int(242), char(m))
#     Signal: SignalSlotClass(_POINTER_) nestedSignal ()
# Signal: QEventDispatcherPlatform(_POINTER_) awake ()
ok 11 - signalForwarding(direct)
# Signal: SignalSlotClass(_POINTER_) signalWithoutParameters ()
# Signal: QEventDispatcherPlatform(_POINTER_) awake ()
# Signal: SignalSlotClass(_POINTER_) nestedSignal ()
# Signal: SignalSlotClass(_POINTER_) signalWithParameters (int(242), char(m))
# Signal: QEventDispatcherPlatform(_POINTER_) awake ()
# Signal: SignalSlotClass(_POINTER_) nestedSignalWithParameters (int(242), char(m))
# Signal: SignalSlotClass(_POINTER_) signalWithParameters (int(242), char(m))
# Signal: QEventDispatcherPlatform(_POINTER_) awake ()
# Signal: SignalSlotClass(_POINTER_) nestedSignal ()
ok 12 - signalForwarding(queued)
# Signal: SignalSlotClass(_POINTER_) signalWithoutParameters ()
#     Slot: SignalSlotClass(_POINTER_) nestedSignal()
#     Signal: SignalSlotClass(_POINTER_) nestedSignal ()
# Signal: QEventDispatcherPlatform(_POINTER_) awake ()
# Signal: SignalSlotClass(_POINTER_) signalWithParameters (int(242), char(m))
#     Slot: SignalSlotClass(_POINTER_) nestedSignalWithParameters(int,char)
#     Signal: SignalSlotClass(_POINTER_) nestedSignalWithParameters (int(242), char(m))
# Signal: QEventDispatcherPlatform(_POINTER_) awake ()
# Signal: SignalSlotClass(_POINTER_) signalWithParameters (int(242), char(m))
#     Slot: SignalSlotClass(_POINTER_) nestedSignal()
#     Signal: SignalSlotClass(_POINTER_) nestedSignal ()
# Signal: QEventDispatcherPlatform(_POINTER_) awake ()
ok 13 - signalForwardingOldSyntax(direct)
# Signal: SignalSlotClass(_POINTER_) signalWithoutParameters ()
# Signal: QEventDispatcherPlatform(_POINTER_) awake ()
# Signal: SignalSlotClass(_POINTER_) nestedSignal ()
# Signal: SignalSlotClass(_POINTER_) signalWithParameters (int(242), char(m))
# Signal: QEventDispatcherPlatform(_POINTER_) awake ()
# Signal: SignalSlotClass(_POINTER_) nestedSignalWithParameters (int(242), char(m))
# Signal: SignalSlotClass(_POINTER_) signalWithParameters (int(242), char(m))
# Signal: QEventDispatcherPlatform(_POINTER_) awake ()
# Signal: SignalSlotClass(_POINTER_) nestedSignal ()
ok 14 - signalForwardingOldSyntax(queued)
# Signal: SignalSlotClass(_POINTER_) signalWithoutParameters ()
#     Signal: SignalSlotClass(_POINTER_) nestedSignal ()
# Signal: QEventDispatcherPlatform(_POINTER_) awake ()
ok 15 - slotEmittingSignal(direct)
# Signal: SignalSlotClass(_POINTER_) signalWithoutParameters ()
# Signal: QEventDispatcherPlatform(_POINTER_) awake ()
# Signal: SignalSlotClass(_POINTER_) nestedSignal ()
ok 16 - slotEmittingSignal(queued)
# Signal: SignalSlotClass(_POINTER_) signalWithoutParameters ()
#     Slot: SignalSlotClass(_POINTER_) emitSecondSignal()
#     Signal: SignalSlotClass(_POINTER_) nestedSignal ()
# Signal: QEventDispatcherPlatform(_POINTER_) awake ()
ok 17 - slotEmittingSignalOldSyntax(direct)
# Signal: SignalSlotClass(_POINTER_) signalWithoutParameters ()
# Signal: QEventDispatcherPlatform(_POINTER_) awake ()
# Signal: SignalSlotClass(_POINTER_) nestedSignal ()
ok 18 - slotEmittingSignalOldSyntax(queued)
# Signal: SignalSlotClass(_POINTER_) qStringSignal (QString(Test string))
# Signal: SignalSlotClass(_POINTER_) qStringRefSignal ((QString&)@_POINTER_)
# Signal: SignalSlotClass(_POINTER_) qStringConstRefSignal (QString(Test string))
# Signal: SignalSlotClass(_POINTER_) qByteArraySignal (QByteArray(Test bytearray))
# Signal: SignalSlotClass(_POINTER_) qListSignal (QList<int>())
# Signal: SignalSlotClass(_POINTER_) qVectorSignal (QVector<int>())
# Signal: SignalSlotClass(_POINTER_) qVectorRefSignal ((QVector<int>&)@_POINTER_)
# Signal: SignalSlotClass(_POINTER_) qVectorConstRefSignal (QVector<int>())
# Signal: SignalSlotClass(_POINTER_) qVectorConstPointerSignal ((const QVector<int>*)_POINTER_)
# Signal: SignalSlotClass(_POINTER_) qVectorPointerConstSignal ()
# Signal: SignalSlotClass(_POINTER_) qVariantSignal (QVariant())
# Signal: SignalSlotClass(_POINTER_) qVariantSignal (QVariant())
ok 19 - variousTypes()
# Signal: SignalSlotClass(_POINTER_) signalWithoutParameters ()
ok 20 - deletingSender()
ok 21 - cleanupTestCase()
#     Signal: QThread(_POINTER_) finished ()
1..21
# tests 21
# pass 21
# fail 0
