TAP version 13
# tst_globaldata
# initTestCase initTestCase (null)
ok 1 - initTestCase()
# init testGlobal local=false
# global: false
# local: false
# cleanup testGlobal local=false
ok 2 - testGlobal(global=false:local=false)
# init testGlobal local=true
# global: false
# local: true
# cleanup testGlobal local=true
ok 3 - testGlobal(global=false:local=true)
# init testGlobal local=false
# global: true
# local: false
# cleanup testGlobal local=false
ok 4 - testGlobal(global=true:local=false)
# init testGlobal local=true
# global: true
# local: true
# cleanup testGlobal local=true
ok 5 - testGlobal(global=true:local=true)
ok 6 - skip(global=false) # SKIP skipping
# init skipLocal local=false
ok 7 - skipLocal(global=false:local=false) # SKIP skipping
# cleanup skipLocal local=false
# init skipLocal local=true
ok 8 - skipLocal(global=false:local=true) # SKIP skipping
# cleanup skipLocal local=true
# init skipLocal local=false
ok 9 - skipLocal(global=true:local=false) # SKIP skipping
# cleanup skipLocal local=false
# init skipLocal local=true
ok 10 - skipLocal(global=true:local=true) # SKIP skipping
# cleanup skipLocal local=true
# init skipSingle local=false
# global: false local: false
# cleanup skipSingle local=false
ok 11 - skipSingle(global=false:local=false)
# init skipSingle local=true
ok 12 - skipSingle(global=false:local=true) # SKIP Skipping
# cleanup skipSingle local=true
# init skipSingle local=false
ok 13 - skipSingle(global=true:local=false) # SKIP Skipping
# cleanup skipSingle local=false
# init skipSingle local=true
# global: true local: true
# cleanup skipSingle local=true
ok 14 - skipSingle(global=true:local=true)
# cleanupTestCase cleanupTestCase (null)
ok 15 - cleanupTestCase()
1..15
# tests 15
# pass 8
# fail 0
