setDocumentLocator(locator={columnNumber=1, lineNumber=1})
startDocument()
   startDTD(name="doc", publicId="", systemId="")
      externalEntityDecl(name="e", publicId="", systemId="006.ent")
   endDTD()
   startElement(namespaceURI="", localName="doc", qName="doc", atts=[])
      resolveEntity(publicId="", systemId="006.ent", ret={})
      skippedEntity(name="e")
   endElement(namespaceURI="", localName="doc", qName="doc")
endDocument()
