StartDocument( )
StartElement( name="doc" qualifiedName="doc" )
Characters( whitespace text="    " )
StartElement( name="paragraph" qualifiedName="paragraph" )
Characters( whitespace text=" " )
EndElement( name="paragraph" qualifiedName="paragraph" )
Characters( whitespace text=" " )
StartElement( name="paragraph" qualifiedName="paragraph" )
Characters( text=" this is not all whitepace " )
EndElement( name="paragraph" qualifiedName="paragraph" )
Characters( whitespace text="  " )
EndElement( name="doc" qualifiedName="doc" )
EndDocument( )
