/****************************************************************************
** Resource object code
**
IGNORE:** Created by: The Resource Compiler for Qt version 5.11.2
**
** WARNING! All changes made in this file will be lost!
*****************************************************************************/

static const unsigned char qt_resource_data[] = {
IGNORE:  // /data/dev/qt-5/qtbase/tests/auto/tools/rcc/data/sizes/data/data-1.txt
  0x0,0x0,0x0,0x1,
  0x40,
  
  
};

static const unsigned char qt_resource_name[] = {
  // data
  0x0,0x4,
  0x0,0x6,0xa8,0xa1,
  0x0,0x64,
  0x0,0x61,0x0,0x74,0x0,0x61,
    // data-1.txt
  0x0,0xa,
  0x4,0x11,0xa,0xb4,
  0x0,0x64,
  0x0,0x61,0x0,0x74,0x0,0x61,0x0,0x2d,0x0,0x31,0x0,0x2e,0x0,0x74,0x0,0x78,0x0,0x74,
  
};

static const unsigned char qt_resource_struct[] = {
  // :
  0x0,0x0,0x0,0x0,0x0,0x2,0x0,0x0,0x0,0x1,0x0,0x0,0x0,0x1,
0x0,0x0,0x0,0x0,0x0,0x0,0x0,0x0,
  // :/data
  0x0,0x0,0x0,0x0,0x0,0x2,0x0,0x0,0x0,0x1,0x0,0x0,0x0,0x2,
0x0,0x0,0x0,0x0,0x0,0x0,0x0,0x0,
  // :/data/data-1.txt
  0x0,0x0,0x0,0xe,0x0,0x0,0x0,0x0,0x0,0x1,0x0,0x0,0x0,0x0,
TIMESTAMP:data/data-1.txt

};

#ifdef QT_NAMESPACE
#  define QT_RCC_PREPEND_NAMESPACE(name) ::QT_NAMESPACE::name
#  define QT_RCC_MANGLE_NAMESPACE0(x) x
#  define QT_RCC_MANGLE_NAMESPACE1(a, b) a##_##b
#  define QT_RCC_MANGLE_NAMESPACE2(a, b) QT_RCC_MANGLE_NAMESPACE1(a,b)
#  define QT_RCC_MANGLE_NAMESPACE(name) QT_RCC_MANGLE_NAMESPACE2( \
        QT_RCC_MANGLE_NAMESPACE0(name), QT_RCC_MANGLE_NAMESPACE0(QT_NAMESPACE))
#else
#   define QT_RCC_PREPEND_NAMESPACE(name) name
#   define QT_RCC_MANGLE_NAMESPACE(name) name
#endif

#ifdef QT_NAMESPACE
namespace QT_NAMESPACE {
#endif

bool qRegisterResourceData(int, const unsigned char *, const unsigned char *, const unsigned char *);
bool qUnregisterResourceData(int, const unsigned char *, const unsigned char *, const unsigned char *);

#ifdef QT_NAMESPACE
}
#endif

int QT_RCC_MANGLE_NAMESPACE(qInitResources)();
int QT_RCC_MANGLE_NAMESPACE(qInitResources)()
{
    int version = 3;
    QT_RCC_PREPEND_NAMESPACE(qRegisterResourceData)
        (version, qt_resource_struct, qt_resource_name, qt_resource_data);
    return 1;
}

int QT_RCC_MANGLE_NAMESPACE(qCleanupResources)();
int QT_RCC_MANGLE_NAMESPACE(qCleanupResources)()
{
    int version = 3;
    QT_RCC_PREPEND_NAMESPACE(qUnregisterResourceData)
       (version, qt_resource_struct, qt_resource_name, qt_resource_data);
    return 1;
}

namespace {
   struct initializer {
       initializer() { QT_RCC_MANGLE_NAMESPACE(qInitResources)(); }
       ~initializer() { QT_RCC_MANGLE_NAMESPACE(qCleanupResources)(); }
   } dummy;
}
