setDocumentLocator(locator={columnNumber=1, lineNumber=1})
startDocument()
   startDTD(name="doc", publicId="", systemId="")
      internatlEntityDecl(name="e", value="𐀀􏿽􏿿")
   endDTD()
   startElement(namespaceURI="", localName="doc", qName="doc", atts=[])
      characters(ch="𐀀􏿽􏿿")
   endElement(namespaceURI="", localName="doc", qName="doc")
endDocument()
