StartDocument( documentVersion="1.0" )
Comment( text=" Simple legal case: default namespace and unbinding " )
StartElement( name="foo" namespaceUri="http://example.org/namespace" qualifiedName="foo"
    NamespaceDeclaration( namespaceUri="http://example.org/namespace" )
 )
Characters( whitespace text="
 " )
StartElement( name="foo" qualifiedName="foo"
    NamespaceDeclaration( )
 )
EndElement( name="foo" qualifiedName="foo" )
Characters( whitespace text="
" )
EndElement( name="foo" namespaceUri="http://example.org/namespace" qualifiedName="foo" )
EndDocument( )
