StartDocument( )
Invalid( name="a" qualifiedName="a"
    Attribute( name="b" qualifiedName="b" value="1" )

    Attribute( name="b" qualifiedName="b" value="2" )

    Attribute( )

    Attribute( )

    Attribute( )

    Attribute( )

    Attribute( )

    Attribute( )

    Attribute( )

    Attribute( )

    Attribute( )

    Attribute( )

    Attribute( )

    Attribute( )

    Attribute( )

    Attribute( )

    Attribute( )

    Attribute( )

    Attribute( )

    Attribute( )

    Attribute( )

    Attribute( )

    Attribute( )

    Attribute( )

    Attribute( )

    Attribute( )

    Attribute( )

    Attribute( )

    Attribute( )

    Attribute( )

    Attribute( )

    Attribute( )

    Attribute( )

    Attribute( )

    Attribute( )

    Attribute( )

    Attribute( )

    Attribute( )

    Attribute( )

    Attribute( )

    Attribute( )

    Attribute( )

    Attribute( )

    Attribute( )

    Attribute( )

    Attribute( )

    Attribute( )

    Attribute( )

    Attribute( )

    Attribute( )

    Attribute( )

    Attribute( )

    Attribute( )

    Attribute( )

    Attribute( )

    Attribute( )

    Attribute( )

    Attribute( )

    Attribute( )

    Attribute( )

    Attribute( )

    Attribute( )

    Attribute( )

    Attribute( )

    Attribute( )

    Attribute( )

    Attribute( )

    Attribute( )

    Attribute( )

    Attribute( )

    Attribute( )

    Attribute( )

    Attribute( )

    Attribute( )

    Attribute( )

    Attribute( )

    Attribute( )

    Attribute( )

    Attribute( )

    Attribute( )

    Attribute( )

    Attribute( )

    Attribute( )

    Attribute( )

    Attribute( )

    Attribute( )

    Attribute( )

    Attribute( )

    Attribute( )

    Attribute( )

    Attribute( )

    Attribute( )

    Attribute( )

    Attribute( )

    Attribute( )

    Attribute( )

    Attribute( )

    Attribute( )

    Attribute( )

    Attribute( )

    Attribute( )

    Attribute( )

    Attribute( )

    Attribute( )

    Attribute( )

    Attribute( )

    Attribute( )

    Attribute( )

    Attribute( )

    Attribute( )

    Attribute( )

    Attribute( )

    Attribute( )

    Attribute( )

    Attribute( )

    Attribute( )

    Attribute( )

    Attribute( )

    Attribute( )

    Attribute( )

    Attribute( )

    Attribute( )

    Attribute( )

    Attribute( )

    Attribute( )

    Attribute( )

    Attribute( )

    Attribute( )

    Attribute( )

    Attribute( )

    Attribute( )

    Attribute( )

    Attribute( )

    Attribute( )

    Attribute( )

    Attribute( )

    Attribute( )

    Attribute( )

    Attribute( )

    Attribute( )

    Attribute( )

    Attribute( )

    Attribute( )

    Attribute( )

    Attribute( )

    Attribute( )

    Attribute( )

    Attribute( )

    Attribute( )

    Attribute( )

    Attribute( )

    Attribute( )

    Attribute( )

    Attribute( )

    Attribute( )

    Attribute( )

    Attribute( )

    Attribute( )

    Attribute( )

    Attribute( )

    Attribute( )

    Attribute( )

    Attribute( )

    Attribute( )

    Attribute( )

    Attribute( )

    Attribute( )

    Attribute( )

    Attribute( )

    Attribute( )

    Attribute( )

    Attribute( )

    Attribute( )

    Attribute( )

    Attribute( )

    Attribute( )

    Attribute( )

    Attribute( )

    Attribute( )

    Attribute( )

    Attribute( )

    Attribute( )

    Attribute( )

    Attribute( )

    Attribute( )

    Attribute( )

    Attribute( )

    Attribute( )

    Attribute( )

    Attribute( )

    Attribute( )

    Attribute( )

    Attribute( )

    Attribute( )

    Attribute( )

    Attribute( )

    Attribute( )

    Attribute( )

    Attribute( )

    Attribute( )

    Attribute( )

    Attribute( )

    Attribute( )

    Attribute( )

    Attribute( )

    Attribute( )

    Attribute( )

    Attribute( )

    Attribute( )

    Attribute( )

    Attribute( )

    Attribute( )

    Attribute( )

    Attribute( )

    Attribute( )

    Attribute( )

    Attribute( )

    Attribute( )

    Attribute( )

    Attribute( )

    Attribute( )

    Attribute( )

    Attribute( )

    Attribute( )

    Attribute( )

    Attribute( )

    Attribute( )

    Attribute( )

    Attribute( )

    Attribute( )

    Attribute( )

    Attribute( )

    Attribute( )

    Attribute( )

    Attribute( )

    Attribute( )

    Attribute( )

    Attribute( )

    Attribute( )

    Attribute( )

    Attribute( )

    Attribute( )

    Attribute( )

    Attribute( )

    Attribute( )

    Attribute( )

    Attribute( )

    Attribute( )

    Attribute( )

    Attribute( )

    Attribute( )

    Attribute( )

    Attribute( )

    Attribute( )

    Attribute( )

    Attribute( )

    Attribute( )

    Attribute( )

    Attribute( )

    Attribute( )

    Attribute( )

    Attribute( )

    Attribute( )

    Attribute( )

    Attribute( )

    Attribute( )

    Attribute( )

    Attribute( )

    Attribute( )

    Attribute( )

    Attribute( )

    Attribute( )

    Attribute( )

    Attribute( )

    Attribute( )

    Attribute( )

    Attribute( )

    Attribute( )

    Attribute( )

    Attribute( )

    Attribute( )

    Attribute( )

    Attribute( )

    Attribute( )

    Attribute( )

    Attribute( )

    Attribute( )

    Attribute( )

    Attribute( )

    Attribute( )

    Attribute( )

    Attribute( )

    Attribute( )

    Attribute( )

    Attribute( )

    Attribute( )

    Attribute( )

    Attribute( )

    Attribute( )

    Attribute( )

    Attribute( )

    Attribute( )

    Attribute( )

    Attribute( )

    Attribute( )

    Attribute( )

    Attribute( )

    Attribute( )

    Attribute( )

    Attribute( )

    Attribute( )

    Attribute( )

    Attribute( )

    Attribute( )

    Attribute( )

    Attribute( )

    Attribute( )

    Attribute( )

    Attribute( )

    Attribute( )

    Attribute( )

    Attribute( )

    Attribute( )

    Attribute( )

    Attribute( )

    Attribute( )

    Attribute( )

    Attribute( )

    Attribute( )

    Attribute( )

    Attribute( )

    Attribute( )

    Attribute( )

    Attribute( )

    Attribute( )

    Attribute( )

    Attribute( )

    Attribute( )

    Attribute( )

    Attribute( )

    Attribute( )

    Attribute( )

    Attribute( )

    Attribute( )

    Attribute( )

    Attribute( )

    Attribute( )

    Attribute( )

    Attribute( )

    Attribute( )

    Attribute( )

    Attribute( )

    Attribute( )

    Attribute( )

    Attribute( )

    Attribute( )

    Attribute( )

    Attribute( )

    Attribute( )

    Attribute( )

    Attribute( )

    Attribute( )

    Attribute( )

    Attribute( )

    Attribute( )

    Attribute( )

    Attribute( )

    Attribute( )

    Attribute( )

    Attribute( )

    Attribute( )

    Attribute( )

    Attribute( )

    Attribute( )

    Attribute( )

    Attribute( )

    Attribute( )

    Attribute( )

    Attribute( )

    Attribute( )

    Attribute( )

    Attribute( )

    Attribute( )

    Attribute( )

    Attribute( )

    Attribute( )

    Attribute( )

    Attribute( )

    Attribute( )

    Attribute( )

    Attribute( )

    Attribute( )

    Attribute( )

    Attribute( )

    Attribute( )

    Attribute( )

    Attribute( )

    Attribute( )

    Attribute( )

    Attribute( )

    Attribute( )

    Attribute( )

    Attribute( )

    Attribute( )

    Attribute( )

    Attribute( )

    Attribute( )

    Attribute( )

    Attribute( )

    Attribute( )

    Attribute( )

    Attribute( )

    Attribute( )

    Attribute( )

    Attribute( )

    Attribute( )

    Attribute( )

    Attribute( )

    Attribute( )

    Attribute( )

    Attribute( )

    Attribute( )

    Attribute( )

    Attribute( )

    Attribute( )

    Attribute( )

    Attribute( )

    Attribute( )

    Attribute( )

    Attribute( )

    Attribute( )

    Attribute( )

    Attribute( )

    Attribute( )

    Attribute( )

    Attribute( )

    Attribute( )

    Attribute( )

    Attribute( )

    Attribute( )

    Attribute( )

    Attribute( )

    Attribute( )

    Attribute( )

    Attribute( )

    Attribute( )

    Attribute( )

    Attribute( )

    Attribute( )

    Attribute( )

    Attribute( )

    Attribute( )

    Attribute( )

    Attribute( )

    Attribute( )

    Attribute( )

    Attribute( )

    Attribute( )

    Attribute( )

    Attribute( )

    Attribute( )

    Attribute( )

    Attribute( )

    Attribute( )

    Attribute( )

    Attribute( )

    Attribute( )

    Attribute( )

    Attribute( )

    Attribute( )

    Attribute( )

    Attribute( )

    Attribute( )

    Attribute( )

    Attribute( )

    Attribute( )

    Attribute( )

    Attribute( )

    Attribute( )

    Attribute( )

    Attribute( )

    Attribute( )

    Attribute( )

    Attribute( )

    Attribute( )

    Attribute( )

    Attribute( )

    Attribute( )

    Attribute( )

    Attribute( )

    Attribute( )

    Attribute( )

    Attribute( )

    Attribute( )

    Attribute( )

    Attribute( )

    Attribute( )

    Attribute( )

    Attribute( )

    Attribute( )

    Attribute( )

    Attribute( )

    Attribute( )

    Attribute( )

    Attribute( )

    Attribute( )

    Attribute( )

    Attribute( )

    Attribute( )

    Attribute( )

    Attribute( )

    Attribute( )

    Attribute( )

    Attribute( )

    Attribute( )

    Attribute( )

    Attribute( )

    Attribute( )

    Attribute( )

    Attribute( )

    Attribute( )

    Attribute( )

    Attribute( )

    Attribute( )

    Attribute( )

    Attribute( )

    Attribute( )

    Attribute( )

    Attribute( )

    Attribute( )

    Attribute( )

    Attribute( )

    Attribute( )

    Attribute( )

    Attribute( )

    Attribute( )

    Attribute( )

    Attribute( )

    Attribute( )

    Attribute( )

    Attribute( )

    Attribute( )

    Attribute( )

    Attribute( )

    Attribute( )

    Attribute( )

    Attribute( )

    Attribute( )

    Attribute( )

    Attribute( )

    Attribute( )

    Attribute( )

    Attribute( )

    Attribute( )

    Attribute( )

    Attribute( )

    Attribute( )

    Attribute( )

    Attribute( )

    Attribute( )

    Attribute( )

    Attribute( )

    Attribute( )

    Attribute( )

    Attribute( )

    Attribute( )

    Attribute( )

    Attribute( )

    Attribute( )

    Attribute( )

    Attribute( )

    Attribute( )

    Attribute( )

    Attribute( )

    Attribute( )

    Attribute( )

    Attribute( )

    Attribute( )

    Attribute( )

    Attribute( )

    Attribute( )

    Attribute( )

    Attribute( )

    Attribute( )

    Attribute( )

    Attribute( )

    Attribute( )

    Attribute( )

    Attribute( )

    Attribute( )

    Attribute( )

    Attribute( )

    Attribute( )

    Attribute( )

    Attribute( )

    Attribute( )

    Attribute( )

    Attribute( )

    Attribute( )

    Attribute( )

    Attribute( )

    Attribute( )

    Attribute( )

    Attribute( )

    Attribute( )

    Attribute( )

    Attribute( )

    Attribute( )

    Attribute( )

    Attribute( )

    Attribute( )

    Attribute( )

    Attribute( )

    Attribute( )

    Attribute( )

    Attribute( )

    Attribute( )

    Attribute( )

    Attribute( )

    Attribute( )

    Attribute( )

    Attribute( )

    Attribute( )

    Attribute( )

    Attribute( )

    Attribute( )

    Attribute( )

    Attribute( )

    Attribute( )

    Attribute( )

    Attribute( )

    Attribute( )

    Attribute( )

    Attribute( )

    Attribute( )

    Attribute( )

    Attribute( )

    Attribute( )

    Attribute( )

    Attribute( )

    Attribute( )

    Attribute( )

    Attribute( )

    Attribute( )

    Attribute( )

    Attribute( )

    Attribute( )

    Attribute( )

    Attribute( )

    Attribute( )

    Attribute( )

    Attribute( )

    Attribute( )

    Attribute( )

    Attribute( )

    Attribute( )

    Attribute( )

    Attribute( )

    Attribute( )

    Attribute( )

    Attribute( )

    Attribute( )

    Attribute( )

    Attribute( )

    Attribute( )

    Attribute( )

    Attribute( )

    Attribute( )

    Attribute( )

    Attribute( )

    Attribute( )

    Attribute( )

    Attribute( )

    Attribute( )

    Attribute( )

    Attribute( )

    Attribute( )

    Attribute( )

    Attribute( )

    Attribute( )

    Attribute( )

    Attribute( )

    Attribute( )

    Attribute( )

    Attribute( )

    Attribute( )

    Attribute( )

    Attribute( )

    Attribute( )

    Attribute( )

    Attribute( )

    Attribute( )

    Attribute( )

    Attribute( )

    Attribute( )

    Attribute( )

    Attribute( )

    Attribute( )

    Attribute( )

    Attribute( )

    Attribute( )

    Attribute( )

    Attribute( )

    Attribute( )

    Attribute( )

    Attribute( )

    Attribute( )

    Attribute( )

    Attribute( )

    Attribute( )

    Attribute( )

    Attribute( )

    Attribute( )

    Attribute( )

    Attribute( )

    Attribute( )

    Attribute( )

    Attribute( )

    Attribute( )

    Attribute( )

    Attribute( )

    Attribute( )

    Attribute( )

    Attribute( )

    Attribute( )

    Attribute( )

    Attribute( )

    Attribute( )

    Attribute( )

    Attribute( )

    Attribute( )

    Attribute( )

    Attribute( )

    Attribute( )

    Attribute( )

    Attribute( )

    Attribute( )

    Attribute( )

    Attribute( )

    Attribute( )

    Attribute( )

    Attribute( )

    Attribute( )

    Attribute( )

    Attribute( )

    Attribute( )

    Attribute( )

    Attribute( )

    Attribute( )

    Attribute( )

    Attribute( )

    Attribute( )

    Attribute( )

    Attribute( )

    Attribute( )

    Attribute( )

    Attribute( )

    Attribute( )

    Attribute( )

    Attribute( )

    Attribute( )

    Attribute( )

    Attribute( )

    Attribute( )

    Attribute( )

    Attribute( )

    Attribute( )

    Attribute( )

    Attribute( )

    Attribute( )

    Attribute( )

    Attribute( )

    Attribute( )

    Attribute( )

    Attribute( )

    Attribute( )

    Attribute( )

    Attribute( )

    Attribute( )

    Attribute( )

    Attribute( )

    Attribute( )

    Attribute( )

    Attribute( )

    Attribute( )

    Attribute( )

    Attribute( )

    Attribute( )

    Attribute( )

    Attribute( )

    Attribute( )

    Attribute( )

    Attribute( )

    Attribute( )

    Attribute( )

    Attribute( )

    Attribute( )

    Attribute( )

    Attribute( )

    Attribute( )

    Attribute( )

    Attribute( )

    Attribute( )

    Attribute( )

    Attribute( )

    Attribute( )

    Attribute( )

    Attribute( )

    Attribute( )

    Attribute( )

    Attribute( )

    Attribute( )

    Attribute( )

    Attribute( )

    Attribute( )

    Attribute( )

    Attribute( )

    Attribute( )

    Attribute( )

    Attribute( )

    Attribute( )

    Attribute( )

    Attribute( )

    Attribute( )

    Attribute( )

    Attribute( )

    Attribute( )

    Attribute( )

    Attribute( )

    Attribute( )

    Attribute( )

    Attribute( )

    Attribute( )

    Attribute( )

    Attribute( )

    Attribute( )

    Attribute( )

    Attribute( )

    Attribute( )

    Attribute( )

    Attribute( )

    Attribute( )

    Attribute( )

    Attribute( )

    Attribute( )

    Attribute( )

    Attribute( )

    Attribute( )

    Attribute( )

    Attribute( )

    Attribute( )

    Attribute( )

    Attribute( )

    Attribute( )

    Attribute( )

    Attribute( )

    Attribute( )

    Attribute( )

    Attribute( )

    Attribute( )

    Attribute( )

    Attribute( )

    Attribute( )

    Attribute( )

    Attribute( )

    Attribute( )

    Attribute( )

    Attribute( )

    Attribute( )

    Attribute( )

    Attribute( )

    Attribute( )

    Attribute( )

    Attribute( )

    Attribute( )

    Attribute( )

    Attribute( )

    Attribute( )

    Attribute( )

    Attribute( )

    Attribute( )

    Attribute( )

    Attribute( )

    Attribute( )

    Attribute( )

    Attribute( )

    Attribute( )

    Attribute( )

    Attribute( )

    Attribute( )

    Attribute( )

    Attribute( )

    Attribute( )

    Attribute( )

    Attribute( )

    Attribute( )

    Attribute( )

    Attribute( )

    Attribute( )

    Attribute( )

    Attribute( )

    Attribute( )

    Attribute( )

    Attribute( )

    Attribute( )

    Attribute( )

    Attribute( )

    Attribute( )

    Attribute( )

    Attribute( )

    Attribute( )

    Attribute( )

    Attribute( )

    Attribute( )

    Attribute( )

    Attribute( )

    Attribute( )

    Attribute( )

    Attribute( )

    Attribute( )

    Attribute( )

    Attribute( )

    Attribute( )

    Attribute( )

    Attribute( )

    Attribute( )

    Attribute( )

    Attribute( )

    Attribute( )

    Attribute( )

    Attribute( )

    Attribute( )

    Attribute( )

    Attribute( )

    Attribute( )

    Attribute( )

    Attribute( )

    Attribute( )

    Attribute( )

    Attribute( )

    Attribute( )

    Attribute( )

    Attribute( )

    Attribute( )

    Attribute( )

    Attribute( )

    Attribute( )

    Attribute( )

    Attribute( )

    Attribute( )

    Attribute( )

    Attribute( )

    Attribute( )

    Attribute( )

    Attribute( )

    Attribute( )

    Attribute( )

    Attribute( )

    Attribute( )

    Attribute( )

    Attribute( )

    Attribute( )

    Attribute( )

    Attribute( )

    Attribute( )

    Attribute( )

    Attribute( )

    Attribute( )

    Attribute( )

    Attribute( )

    Attribute( )

    Attribute( )

    Attribute( )

    Attribute( )

    Attribute( )

    Attribute( )

    Attribute( )

    Attribute( )

    Attribute( )

    Attribute( )

    Attribute( )

    Attribute( )

    Attribute( )

    Attribute( )

    Attribute( )

    Attribute( )

    Attribute( )

    Attribute( )

    Attribute( )

    Attribute( )

    Attribute( )

    Attribute( )

    Attribute( )

    Attribute( )

    Attribute( )

    Attribute( )

    Attribute( )

    Attribute( )

    Attribute( )

    Attribute( )

    Attribute( )

    Attribute( )

    Attribute( )

    Attribute( )

    Attribute( )

    Attribute( )

    Attribute( )

    Attribute( )

    Attribute( )

    Attribute( )

    Attribute( )

    Attribute( )

    Attribute( )

    Attribute( )

    Attribute( )

    Attribute( )

    Attribute( )

    Attribute( )

    Attribute( )

    Attribute( )

    Attribute( )

    Attribute( )

    Attribute( )

    Attribute( )

    Attribute( )

    Attribute( )

    Attribute( )

    Attribute( )

    Attribute( )

    Attribute( )

    Attribute( )

    Attribute( )

    Attribute( )

    Attribute( )

    Attribute( )

    Attribute( )

    Attribute( )

    Attribute( )

    Attribute( )

    Attribute( )

    Attribute( )

    Attribute( )

    Attribute( )

    Attribute( )

    Attribute( )

    Attribute( )

    Attribute( )

    Attribute( )

    Attribute( )

    Attribute( )

    Attribute( )

    Attribute( )

    Attribute( )

    Attribute( )

    Attribute( )

    Attribute( )

    Attribute( )

    Attribute( )

    Attribute( )

    Attribute( )

    Attribute( )

    Attribute( )

    Attribute( )

    Attribute( )

    Attribute( )

    Attribute( )

    Attribute( )

    Attribute( )

    Attribute( )

    Attribute( )

    Attribute( )

    Attribute( )

    Attribute( )

    Attribute( )

    Attribute( )

    Attribute( )

    Attribute( )

    Attribute( )

    Attribute( )

    Attribute( )

    Attribute( )

    Attribute( )

    Attribute( )

    Attribute( )

    Attribute( )

    Attribute( )

    Attribute( )

    Attribute( )

    Attribute( )

    Attribute( )

    Attribute( )

    Attribute( )

    Attribute( )

    Attribute( )

    Attribute( )

    Attribute( )

    Attribute( )

    Attribute( )

    Attribute( )

    Attribute( )

    Attribute( )

    Attribute( )

    Attribute( )

    Attribute( )

    Attribute( )

    Attribute( )

    Attribute( )

    Attribute( )

    Attribute( )

    Attribute( )

    Attribute( )

    Attribute( )

    Attribute( )

    Attribute( )

    Attribute( )

    Attribute( )

    Attribute( )

    Attribute( )

    Attribute( )

    Attribute( )

    Attribute( )

    Attribute( )

    Attribute( )

    Attribute( )

    Attribute( )

    Attribute( )

    Attribute( )

    Attribute( )

    Attribute( )

    Attribute( )

    Attribute( )

    Attribute( )

    Attribute( )

    Attribute( )

    Attribute( )

    Attribute( )

    Attribute( )

    Attribute( )

    Attribute( )

    Attribute( )

    Attribute( )

    Attribute( )

    Attribute( )

    Attribute( )

    Attribute( )

    Attribute( )

    Attribute( )

    Attribute( )

    Attribute( )

    Attribute( )

    Attribute( )

    Attribute( )

    Attribute( )

    Attribute( )

    Attribute( )

    Attribute( )

    Attribute( )

    Attribute( )

    Attribute( )

    Attribute( )

    Attribute( )

    Attribute( )

    Attribute( )

    Attribute( )

    Attribute( )

    Attribute( )

    Attribute( )

    Attribute( )

    Attribute( )

    Attribute( )

    Attribute( )

    Attribute( )

    Attribute( )

    Attribute( )

    Attribute( )

    Attribute( )

    Attribute( )

    Attribute( )

    Attribute( )

    Attribute( )

    Attribute( )

    Attribute( )

    Attribute( )

    Attribute( )

    Attribute( )

    Attribute( )

    Attribute( )

    Attribute( )

    Attribute( )

    Attribute( )

    Attribute( )

    Attribute( )

    Attribute( )

    Attribute( )

    Attribute( )

    Attribute( )

    Attribute( )

    Attribute( )

    Attribute( )

    Attribute( )

    Attribute( )

    Attribute( )

    Attribute( )

    Attribute( )

    Attribute( )

    Attribute( )

    Attribute( )

    Attribute( )

    Attribute( )

    Attribute( )

    Attribute( )

    Attribute( )

    Attribute( )

    Attribute( )

    Attribute( )

    Attribute( )

    Attribute( )

    Attribute( )

    Attribute( )

    Attribute( )

    Attribute( )

    Attribute( )

    Attribute( )

    Attribute( )

    Attribute( )

    Attribute( )

    Attribute( )

    Attribute( )

    Attribute( )

    Attribute( )

    Attribute( )

    Attribute( )

    Attribute( )

    Attribute( )

    Attribute( )

    Attribute( )

    Attribute( )

    Attribute( )

    Attribute( )

    Attribute( )

    Attribute( )

    Attribute( )

    Attribute( )

    Attribute( )

    Attribute( )

    Attribute( )

    Attribute( )

    Attribute( )

    Attribute( )

    Attribute( )

    Attribute( )

    Attribute( )

    Attribute( )

    Attribute( )

    Attribute( )

    Attribute( )

    Attribute( )

    Attribute( )

    Attribute( )

    Attribute( )

    Attribute( )

    Attribute( )

    Attribute( )

    Attribute( )

    Attribute( )

    Attribute( )

    Attribute( )

    Attribute( )

    Attribute( )

    Attribute( )

    Attribute( )

    Attribute( )

    Attribute( )

    Attribute( )

    Attribute( )

    Attribute( )

    Attribute( )

    Attribute( )

    Attribute( )

    Attribute( )

    Attribute( )

    Attribute( )

    Attribute( )

    Attribute( )

    Attribute( )

    Attribute( )

    Attribute( )

    Attribute( )

    Attribute( )

    Attribute( )

    Attribute( )

    Attribute( )

    Attribute( )

    Attribute( )

    Attribute( )

    Attribute( )

    Attribute( )

    Attribute( )

    Attribute( )

    Attribute( )

    Attribute( )

    Attribute( )

    Attribute( )

    Attribute( )

    Attribute( )

    Attribute( )

    Attribute( )

    Attribute( )

    Attribute( )

    Attribute( )

    Attribute( )

    Attribute( )

    Attribute( )

    Attribute( )

    Attribute( )

    Attribute( )

    Attribute( )

    Attribute( )

    Attribute( )

    Attribute( )

    Attribute( )

    Attribute( )

    Attribute( )

    Attribute( )

    Attribute( )

    Attribute( )

    Attribute( )

    Attribute( )

    Attribute( )

    Attribute( )

    Attribute( )

    Attribute( )

    Attribute( )

    Attribute( )

    Attribute( )

    Attribute( )

    Attribute( )

    Attribute( )

    Attribute( )

    Attribute( )

    Attribute( )

    Attribute( )

    Attribute( )

    Attribute( )

    Attribute( )

    Attribute( )

    Attribute( )

    Attribute( )

    Attribute( )

    Attribute( )

    Attribute( )

    Attribute( )

    Attribute( )

    Attribute( )

    Attribute( )

    Attribute( )

    Attribute( )

    Attribute( )

    Attribute( )

    Attribute( )

    Attribute( )

    Attribute( )

    Attribute( )

    Attribute( )

    Attribute( )

    Attribute( )

    Attribute( )

    Attribute( )

    Attribute( )

    Attribute( )

    Attribute( )

    Attribute( )

    Attribute( )

    Attribute( )

    Attribute( )

    Attribute( )

    Attribute( )

    Attribute( )

    Attribute( )

    Attribute( )

    Attribute( )

    Attribute( )

    Attribute( )

    Attribute( )

    Attribute( )

    Attribute( )

    Attribute( )

    Attribute( )

    Attribute( )

    Attribute( )

    Attribute( )

    Attribute( )

    Attribute( )

    Attribute( )

    Attribute( )

    Attribute( )

    Attribute( )

    Attribute( )

    Attribute( )

    Attribute( )

    Attribute( )

    Attribute( )

    Attribute( )

    Attribute( )

    Attribute( )

    Attribute( )

    Attribute( )

    Attribute( )

    Attribute( )

    Attribute( )

    Attribute( )

    Attribute( )

    Attribute( )

    Attribute( )

    Attribute( )

    Attribute( )

    Attribute( )

    Attribute( )

    Attribute( )

    Attribute( )

    Attribute( )

    Attribute( )

    Attribute( )

    Attribute( )

    Attribute( )

    Attribute( )

    Attribute( )

    Attribute( )

    Attribute( )

    Attribute( )

    Attribute( )

    Attribute( )

    Attribute( )

    Attribute( )

    Attribute( )

    Attribute( )

    Attribute( )

    Attribute( )

    Attribute( )

    Attribute( )

    Attribute( )

    Attribute( )

    Attribute( )

    Attribute( )

    Attribute( )

    Attribute( )

    Attribute( )

    Attribute( )

    Attribute( )

    Attribute( )

    Attribute( )

    Attribute( )

    Attribute( )

    Attribute( )

    Attribute( )

    Attribute( )

    Attribute( )

    Attribute( )

    Attribute( )

    Attribute( )

    Attribute( )

    Attribute( )

    Attribute( )

    Attribute( )

    Attribute( )

    Attribute( )

    Attribute( )

    Attribute( )

    Attribute( )

    Attribute( )

    Attribute( )

    Attribute( )

    Attribute( )

    Attribute( )

    Attribute( )

    Attribute( )

    Attribute( )

    Attribute( )

    Attribute( )

    Attribute( )

    Attribute( )

    Attribute( )

    Attribute( )

    Attribute( )

    Attribute( )

    Attribute( )

    Attribute( )

    Attribute( )

    Attribute( )

    Attribute( )

    Attribute( )

    Attribute( )

    Attribute( )

    Attribute( )

    Attribute( )

    Attribute( )

    Attribute( )

    Attribute( )

    Attribute( )

    Attribute( )

    Attribute( )

    Attribute( )

    Attribute( )

    Attribute( )

    Attribute( )

    Attribute( )

    Attribute( )

    Attribute( )

    Attribute( )

    Attribute( )

    Attribute( )

    Attribute( )

    Attribute( )

    Attribute( )

    Attribute( )

    Attribute( )

    Attribute( )

    Attribute( )

    Attribute( )

    Attribute( )

    Attribute( )

    Attribute( )

    Attribute( )

    Attribute( )

    Attribute( )

    Attribute( )

    Attribute( )

    Attribute( )

    Attribute( )

    Attribute( )

    Attribute( )

    Attribute( )

    Attribute( )

    Attribute( )

    Attribute( )

    Attribute( )

    Attribute( )

    Attribute( )

    Attribute( )

    Attribute( )

    Attribute( )

    Attribute( )

    Attribute( )

    Attribute( )

    Attribute( )

    Attribute( )

    Attribute( )

    Attribute( )

    Attribute( )

    Attribute( )

    Attribute( )

    Attribute( )

    Attribute( )

    Attribute( )

    Attribute( )

    Attribute( )

    Attribute( )

    Attribute( )

    Attribute( )

    Attribute( )

    Attribute( )

    Attribute( )

    Attribute( )

    Attribute( )

    Attribute( )

    Attribute( )

    Attribute( )

    Attribute( )

    Attribute( )

    Attribute( )

    Attribute( )

    Attribute( )

    Attribute( )

    Attribute( )

    Attribute( )

    Attribute( )

    Attribute( )

    Attribute( )

    Attribute( )

    Attribute( )

    Attribute( )

    Attribute( )

    Attribute( )

    Attribute( )

    Attribute( )

    Attribute( )

    Attribute( )

    Attribute( )

    Attribute( )

    Attribute( )

    Attribute( )

    Attribute( )

    Attribute( )

    Attribute( )

    Attribute( )

    Attribute( )

    Attribute( )

    Attribute( )

    Attribute( )

    Attribute( )

    Attribute( )

    Attribute( )

    Attribute( )

    Attribute( )

    Attribute( )

    Attribute( )

    Attribute( )

    Attribute( )

    Attribute( )

    Attribute( )

    Attribute( )

    Attribute( )

    Attribute( )

    Attribute( )

    Attribute( )

    Attribute( )

    Attribute( )

    Attribute( )

    Attribute( )

    Attribute( )

    Attribute( )

    Attribute( )

    Attribute( )

    Attribute( )

    Attribute( )

    Attribute( )

    Attribute( )

    Attribute( )

    Attribute( )

    Attribute( )

    Attribute( )

    Attribute( )

    Attribute( )

    Attribute( )

    Attribute( )

    Attribute( )

    Attribute( )

    Attribute( )

    Attribute( )

    Attribute( )

    Attribute( )

    Attribute( )

    Attribute( )

    Attribute( )

    Attribute( )

    Attribute( )

    Attribute( )

    Attribute( )

    Attribute( )

    Attribute( )

    Attribute( )

    Attribute( )

    Attribute( )

    Attribute( )

    Attribute( )

    Attribute( )

    Attribute( )

    Attribute( )

    Attribute( )

    Attribute( )

    Attribute( )

    Attribute( )

    Attribute( )

    Attribute( )

    Attribute( )

    Attribute( )

    Attribute( )

    Attribute( )

    Attribute( )

    Attribute( )

    Attribute( )

    Attribute( )

    Attribute( )

    Attribute( )

    Attribute( )

    Attribute( )

    Attribute( )

    Attribute( )

    Attribute( )

    Attribute( )

    Attribute( )

    Attribute( )

    Attribute( )

    Attribute( )

    Attribute( )

    Attribute( )

    Attribute( )

    Attribute( )

    Attribute( )

    Attribute( )

    Attribute( )

    Attribute( )

    Attribute( )

    Attribute( )

    Attribute( )

    Attribute( )

    Attribute( )

    Attribute( )

    Attribute( )

    Attribute( )

    Attribute( )

    Attribute( )

    Attribute( )

    Attribute( )

    Attribute( )

    Attribute( )

    Attribute( )

    Attribute( )

    Attribute( )

    Attribute( )

    Attribute( )

    Attribute( )

    Attribute( )

    Attribute( )

    Attribute( )

    Attribute( )

    Attribute( )

    Attribute( )

    Attribute( )

    Attribute( )

    Attribute( )

    Attribute( )

    Attribute( )

    Attribute( )

    Attribute( )

    Attribute( )

    Attribute( )

    Attribute( )

    Attribute( )

    Attribute( )

    Attribute( )

    Attribute( )

    Attribute( )

    Attribute( )

    Attribute( )

    Attribute( )

    Attribute( )

    Attribute( )

    Attribute( )

    Attribute( )

    Attribute( )

    Attribute( )

    Attribute( )

    Attribute( )

    Attribute( )

    Attribute( )

    Attribute( )

    Attribute( )

    Attribute( )

    Attribute( )

    Attribute( )

    Attribute( )

    Attribute( )

    Attribute( )

    Attribute( )

    Attribute( )

    Attribute( )

    Attribute( )

    Attribute( )

    Attribute( )

    Attribute( )

    Attribute( )

    Attribute( )

    Attribute( )

    Attribute( )

    Attribute( )

    Attribute( )

    Attribute( )

    Attribute( )

    Attribute( )

    Attribute( )

    Attribute( )

    Attribute( )

    Attribute( )

    Attribute( )

    Attribute( )

    Attribute( )

    Attribute( )

    Attribute( )

    Attribute( )

    Attribute( )

    Attribute( )

    Attribute( )

    Attribute( )

    Attribute( )

    Attribute( )

    Attribute( )

    Attribute( )

    Attribute( )

    Attribute( )

    Attribute( )

    Attribute( )

    Attribute( )

    Attribute( )

    Attribute( )

    Attribute( )

    Attribute( )

    Attribute( )

    Attribute( )

    Attribute( )

    Attribute( )

    Attribute( )

    Attribute( )

    Attribute( )

    Attribute( )

    Attribute( )

    Attribute( )

    Attribute( )

    Attribute( )

    Attribute( )

    Attribute( )

    Attribute( )

    Attribute( )

    Attribute( )

    Attribute( )

    Attribute( )

    Attribute( )

    Attribute( )

    Attribute( )

    Attribute( )

    Attribute( )

    Attribute( )

    Attribute( )

    Attribute( )

    Attribute( )

    Attribute( )

    Attribute( )

    Attribute( )

    Attribute( )

    Attribute( )

    Attribute( )

    Attribute( )

    Attribute( )

    Attribute( )

    Attribute( )

    Attribute( )

    Attribute( )

    Attribute( )

    Attribute( )

    Attribute( )

    Attribute( )

    Attribute( )

    Attribute( )

    Attribute( )

    Attribute( )

    Attribute( )

    Attribute( )

    Attribute( )

    Attribute( )

    Attribute( )

    Attribute( )

    Attribute( )

    Attribute( )

    Attribute( )

    Attribute( )

    Attribute( )

    Attribute( )

    Attribute( )

    Attribute( )

    Attribute( )

    Attribute( )

    Attribute( )

    Attribute( )

    Attribute( )

    Attribute( )

    Attribute( )

    Attribute( )

    Attribute( )

    Attribute( )

    Attribute( )

    Attribute( )

    Attribute( )

    Attribute( )

    Attribute( )

    Attribute( )

    Attribute( )

    Attribute( )

    Attribute( )

    Attribute( )

    Attribute( )

    Attribute( )

    Attribute( )

    Attribute( )

    Attribute( )

    Attribute( )

    Attribute( )

    Attribute( )

    Attribute( )

    Attribute( )

    Attribute( )

    Attribute( )

    Attribute( )

    Attribute( )

    Attribute( )

    Attribute( )

    Attribute( )

    Attribute( )

    Attribute( )

    Attribute( )

    Attribute( )

    Attribute( )

    Attribute( )

    Attribute( )

    Attribute( )

    Attribute( )

    Attribute( )

    Attribute( )

    Attribute( )

    Attribute( )

    Attribute( )

    Attribute( )

    Attribute( )

    Attribute( )

    Attribute( )

    Attribute( )

    Attribute( )

    Attribute( )

    Attribute( )

    Attribute( )

    Attribute( )

    Attribute( )

    Attribute( )

    Attribute( )

    Attribute( )

    Attribute( )

    Attribute( )

    Attribute( )

    Attribute( )

    Attribute( )

    Attribute( )

    Attribute( )

    Attribute( )

    Attribute( )

    Attribute( )

    Attribute( )

    Attribute( )

    Attribute( )

    Attribute( )

    Attribute( )

    Attribute( )

    Attribute( )

    Attribute( )

    Attribute( )

    Attribute( )

    Attribute( )

    Attribute( )

    Attribute( )

    Attribute( )

    Attribute( )

    Attribute( )

    Attribute( )

    Attribute( )

    Attribute( )

    Attribute( )

    Attribute( )

    Attribute( )

    Attribute( )

    Attribute( )

    Attribute( )

    Attribute( )

    Attribute( )

    Attribute( )

    Attribute( )

    Attribute( )

    Attribute( )

    Attribute( )

    Attribute( )

    Attribute( )

    Attribute( )

    Attribute( )

    Attribute( )

    Attribute( )

    Attribute( )

    Attribute( )

    Attribute( )

    Attribute( )

    Attribute( )

    Attribute( )

    Attribute( )

    Attribute( )

    Attribute( )

    Attribute( )

    Attribute( )

    Attribute( )

    Attribute( )

    Attribute( )

    Attribute( )

    Attribute( )

    Attribute( )

    Attribute( )

    Attribute( )

    Attribute( )

    Attribute( )

    Attribute( )

    Attribute( )

    Attribute( )

    Attribute( )

    Attribute( )

    Attribute( )

    Attribute( )

    Attribute( )

    Attribute( )

    Attribute( )

    Attribute( )

    Attribute( )

    Attribute( )

    Attribute( )

    Attribute( )

    Attribute( )

    Attribute( )

    Attribute( )

    Attribute( )

    Attribute( )

    Attribute( )

    Attribute( )

    Attribute( )

    Attribute( )

    Attribute( )

    Attribute( )

    Attribute( )

    Attribute( )

    Attribute( )

    Attribute( )

    Attribute( )

    Attribute( )

    Attribute( )

    Attribute( )

    Attribute( )

    Attribute( )

    Attribute( )

    Attribute( )

    Attribute( )

    Attribute( )

    Attribute( )

    Attribute( )

    Attribute( )

    Attribute( )

    Attribute( )

    Attribute( )

    Attribute( )

    Attribute( )

    Attribute( )

    Attribute( )

    Attribute( )

    Attribute( )

    Attribute( )

    Attribute( )

    Attribute( )

    Attribute( )

    Attribute( )

    Attribute( )

    Attribute( )

    Attribute( )

    Attribute( )

    Attribute( )

    Attribute( )

    Attribute( )

    Attribute( )

    Attribute( )

    Attribute( )

    Attribute( )

    Attribute( )

    Attribute( )

    Attribute( )

    Attribute( )

    Attribute( )

    Attribute( )

    Attribute( )

    Attribute( )

    Attribute( )

    Attribute( )

    Attribute( )

    Attribute( )

    Attribute( )

    Attribute( )

    Attribute( )

    Attribute( )

    Attribute( )

    Attribute( )

    Attribute( )

    Attribute( )

    Attribute( )

    Attribute( )

    Attribute( )

    Attribute( )

    Attribute( )

    Attribute( )

    Attribute( )

    Attribute( )

    Attribute( )

    Attribute( )

    Attribute( )

    Attribute( )

    Attribute( )

    Attribute( )

    Attribute( )

    Attribute( )

    Attribute( )

    Attribute( )

    Attribute( )

    Attribute( )

    Attribute( )

    Attribute( )

    Attribute( )

    Attribute( )

    Attribute( )

    Attribute( )

    Attribute( )

    Attribute( )

    Attribute( )

    Attribute( )

    Attribute( )

    Attribute( )

    Attribute( )

    Attribute( )

    Attribute( )

    Attribute( )

    Attribute( )

    Attribute( )

    Attribute( )

    Attribute( )

    Attribute( )

    Attribute( )

    Attribute( )

    Attribute( )

    Attribute( )

    Attribute( )

    Attribute( )

    Attribute( )

    Attribute( )

    Attribute( )

    Attribute( )

    Attribute( )

    Attribute( )

    Attribute( )

    Attribute( )

    Attribute( )

    Attribute( )

    Attribute( )

    Attribute( )

    Attribute( )

    Attribute( )

    Attribute( )

    Attribute( )

    Attribute( )

    Attribute( )

    Attribute( )

    Attribute( )

    Attribute( )

    Attribute( )

    Attribute( )

    Attribute( )

    Attribute( )

    Attribute( )

    Attribute( )

    Attribute( )

    Attribute( )

    Attribute( )

    Attribute( )

    Attribute( )

    Attribute( )

    Attribute( )

    Attribute( )

    Attribute( )

    Attribute( )

    Attribute( )

    Attribute( )

    Attribute( )

    Attribute( )

    Attribute( )

    Attribute( )

    Attribute( )

    Attribute( )

    Attribute( )

    Attribute( )

    Attribute( )

    Attribute( )

    Attribute( )

    Attribute( )

    Attribute( )

    Attribute( )

    Attribute( )

    Attribute( )

    Attribute( )

    Attribute( )

    Attribute( )

    Attribute( )

    Attribute( )

    Attribute( )

    Attribute( )

    Attribute( )

    Attribute( )

    Attribute( )

    Attribute( )

    Attribute( )

    Attribute( )

    Attribute( )

    Attribute( )

    Attribute( )

    Attribute( )

    Attribute( )

    Attribute( )

    Attribute( )

    Attribute( )

    Attribute( )

    Attribute( )

    Attribute( )

    Attribute( )

    Attribute( )

    Attribute( )

    Attribute( )

    Attribute( )

    Attribute( )

    Attribute( )

    Attribute( )

    Attribute( )

    Attribute( )

    Attribute( )

    Attribute( )

    Attribute( )

    Attribute( )

    Attribute( )

    Attribute( )

    Attribute( )

    Attribute( )

    Attribute( )

    Attribute( )

    Attribute( )

    Attribute( )

    Attribute( )

    Attribute( )

    Attribute( )

    Attribute( )

    Attribute( )

    Attribute( )

    Attribute( )

    Attribute( )

    Attribute( )

    Attribute( )

    Attribute( )

    Attribute( )

    Attribute( )

    Attribute( )

    Attribute( )

    Attribute( )

    Attribute( )

    Attribute( )

    Attribute( )

    Attribute( )

    Attribute( )

    Attribute( )

    Attribute( )

    Attribute( )

    Attribute( )

    Attribute( )

    Attribute( )

    Attribute( )

    Attribute( )

    Attribute( )

    Attribute( )

    Attribute( )

    Attribute( )

    Attribute( )

    Attribute( )

    Attribute( )

    Attribute( )

    Attribute( )

    Attribute( )

    Attribute( )

    Attribute( )

    Attribute( )

    Attribute( )

    Attribute( )

    Attribute( )

    Attribute( )

    Attribute( )

    Attribute( )

    Attribute( )

    Attribute( )

    Attribute( )

    Attribute( )

    Attribute( )

    Attribute( )

    Attribute( )

    Attribute( )

    Attribute( )

    Attribute( )

    Attribute( )

    Attribute( )

    Attribute( )

    Attribute( )

    Attribute( )

    Attribute( )

    Attribute( )

    Attribute( )

    Attribute( )

    Attribute( )

    Attribute( )

    Attribute( )

    Attribute( )

    Attribute( )

    Attribute( )

    Attribute( )

    Attribute( )

    Attribute( )

    Attribute( )

    Attribute( )

    Attribute( )

    Attribute( )

    Attribute( )

    Attribute( )

    Attribute( )

    Attribute( )

    Attribute( )

    Attribute( )

    Attribute( )

    Attribute( )

    Attribute( )

    Attribute( )

    Attribute( )

    Attribute( )

    Attribute( )

    Attribute( )

    Attribute( )

    Attribute( )

    Attribute( )

    Attribute( )

    Attribute( )

    Attribute( )

    Attribute( )

    Attribute( )

    Attribute( )

    Attribute( )

    Attribute( )

    Attribute( )

    Attribute( )

    Attribute( )

    Attribute( )

    Attribute( )

    Attribute( )

    Attribute( )

    Attribute( )

    Attribute( )

    Attribute( )

    Attribute( )

    Attribute( )

    Attribute( )

    Attribute( )

    Attribute( )

    Attribute( )

    Attribute( )

    Attribute( )

    Attribute( )

    Attribute( )

    Attribute( )

    Attribute( )

    Attribute( )

    Attribute( )

    Attribute( )

    Attribute( )

    Attribute( )

    Attribute( )

    Attribute( )

    Attribute( )

    Attribute( )

    Attribute( )

    Attribute( )

    Attribute( )

    Attribute( )

    Attribute( )

    Attribute( )

    Attribute( )

    Attribute( )

    Attribute( )

    Attribute( )

    Attribute( )

    Attribute( )

    Attribute( )

    Attribute( )

    Attribute( )

    Attribute( )

    Attribute( )

    Attribute( )

    Attribute( )

    Attribute( )

    Attribute( )

    Attribute( )

    Attribute( )

    Attribute( )

    Attribute( )

    Attribute( )

    Attribute( )

    Attribute( )

    Attribute( )

    Attribute( )

    Attribute( )

    Attribute( )

    Attribute( )

    Attribute( )

    Attribute( )

    Attribute( )

    Attribute( )

    Attribute( )

    Attribute( )

    Attribute( )

    Attribute( )

    Attribute( )

    Attribute( )

    Attribute( )

    Attribute( )

    Attribute( )

    Attribute( )

    Attribute( )

    Attribute( )

    Attribute( )

    Attribute( )

    Attribute( )

    Attribute( )

    Attribute( )

    Attribute( )

    Attribute( )

    Attribute( )

    Attribute( )

    Attribute( )

    Attribute( )

    Attribute( )

    Attribute( )

    Attribute( )

    Attribute( )

    Attribute( )

    Attribute( )

    Attribute( )

    Attribute( )

    Attribute( )

    Attribute( )

    Attribute( )

    Attribute( )

    Attribute( )

    Attribute( )

    Attribute( )

    Attribute( )

    Attribute( )

    Attribute( )

    Attribute( )

    Attribute( )

    Attribute( )

    Attribute( )

    Attribute( )

    Attribute( )

    Attribute( )

    Attribute( )

    Attribute( )

    Attribute( )

    Attribute( )

    Attribute( )

    Attribute( )

    Attribute( )

    Attribute( )

    Attribute( )

    Attribute( )

    Attribute( )

    Attribute( )

    Attribute( )

    Attribute( )

    Attribute( )

    Attribute( )

    Attribute( )

    Attribute( )

    Attribute( )

    Attribute( )

    Attribute( )

    Attribute( )

    Attribute( )

    Attribute( )

    Attribute( )

    Attribute( )

    Attribute( )

    Attribute( )

    Attribute( )

    Attribute( )

    Attribute( )

    Attribute( )

    Attribute( )

    Attribute( )

    Attribute( )

    Attribute( )

    Attribute( )

    Attribute( )

    Attribute( )

    Attribute( )

    Attribute( )

    Attribute( )

    Attribute( )

    Attribute( )

    Attribute( )

    Attribute( )

    Attribute( )

    Attribute( )

    Attribute( )

    Attribute( )

    Attribute( )

    Attribute( )

    Attribute( )

    Attribute( )

    Attribute( )

    Attribute( )

    Attribute( )

    Attribute( )

    Attribute( )

    Attribute( )

    Attribute( )

    Attribute( )

    Attribute( )

    Attribute( )

    Attribute( )

    Attribute( )

    Attribute( )

    Attribute( )

    Attribute( )

    Attribute( )

    Attribute( )

    Attribute( )

    Attribute( )

    Attribute( )

    Attribute( )

    Attribute( )

    Attribute( )

    Attribute( )

    Attribute( )

    Attribute( )

    Attribute( )

    Attribute( )

    Attribute( )

    Attribute( )

    Attribute( )

    Attribute( )

    Attribute( )

    Attribute( )

    Attribute( )

    Attribute( )

    Attribute( )

    Attribute( )

    Attribute( )

    Attribute( )

    Attribute( )

    Attribute( )

    Attribute( )

    Attribute( )

    Attribute( )

    Attribute( )

    Attribute( )

    Attribute( )

    Attribute( )

    Attribute( )

    Attribute( )

    Attribute( )

    Attribute( )

    Attribute( )

    Attribute( )

    Attribute( )

    Attribute( )

    Attribute( )

    Attribute( )

    Attribute( )

    Attribute( )

    Attribute( )

    Attribute( )

    Attribute( )

    Attribute( )

    Attribute( )

    Attribute( )

    Attribute( )

    Attribute( )

    Attribute( )

    Attribute( )

    Attribute( )

    Attribute( )

    Attribute( )

    Attribute( )

    Attribute( )

    Attribute( )

    Attribute( )

    Attribute( )

    Attribute( )

    Attribute( )

    Attribute( )

    Attribute( )

    Attribute( )

    Attribute( )

    Attribute( )

    Attribute( )

    Attribute( )

    Attribute( )

    Attribute( )

    Attribute( )

    Attribute( )

    Attribute( )

    Attribute( )

    Attribute( )

    Attribute( )

    Attribute( )

    Attribute( )

    Attribute( )

    Attribute( )

    Attribute( )

    Attribute( )

    Attribute( )

    Attribute( )

    Attribute( )

    Attribute( )

    Attribute( )

    Attribute( )

    Attribute( )

    Attribute( )

    Attribute( )

    Attribute( )

    Attribute( )

    Attribute( )

    Attribute( )

    Attribute( )

    Attribute( )

    Attribute( )

    Attribute( )

    Attribute( )

    Attribute( )

    Attribute( )

    Attribute( )

    Attribute( )

    Attribute( )

    Attribute( )

    Attribute( )

    Attribute( )

    Attribute( )

    Attribute( )

    Attribute( )

    Attribute( )

    Attribute( )

    Attribute( )

    Attribute( )

    Attribute( )

    Attribute( )

    Attribute( )

    Attribute( )

    Attribute( )

    Attribute( )

    Attribute( )

    Attribute( )

    Attribute( )

    Attribute( )

    Attribute( )

    Attribute( )

    Attribute( )

    Attribute( )

    Attribute( )

    Attribute( )

    Attribute( )

    Attribute( )

    Attribute( )

    Attribute( )

    Attribute( )

    Attribute( )

    Attribute( )

    Attribute( )

    Attribute( )

    Attribute( )

    Attribute( )

    Attribute( )

    Attribute( )

    Attribute( )

    Attribute( )

    Attribute( )

    Attribute( )

    Attribute( )

    Attribute( )

    Attribute( )

    Attribute( )

    Attribute( )

    Attribute( )

    Attribute( )

    Attribute( )

    Attribute( )

    Attribute( )

    Attribute( )

    Attribute( )

    Attribute( )

    Attribute( )

    Attribute( )

    Attribute( )

    Attribute( )

    Attribute( )

    Attribute( )

    Attribute( )

    Attribute( )

    Attribute( )

    Attribute( )

    Attribute( )

    Attribute( )

    Attribute( )

    Attribute( )

    Attribute( )

    Attribute( )

    Attribute( )

    Attribute( )

    Attribute( )

    Attribute( )

    Attribute( )

    Attribute( )

    Attribute( )

    Attribute( )

    Attribute( )

    Attribute( )

    Attribute( )

    Attribute( )

    Attribute( )

    Attribute( )

    Attribute( )

    Attribute( )

    Attribute( )

    Attribute( )

    Attribute( )

    Attribute( )

    Attribute( )

    Attribute( )

    Attribute( )

    Attribute( )

    Attribute( )

    Attribute( )

    Attribute( )

    Attribute( )

    Attribute( )

    Attribute( )

    Attribute( )

    Attribute( )

    Attribute( )

    Attribute( )

    Attribute( )

    Attribute( )

    Attribute( )

    Attribute( )

    Attribute( )

    Attribute( )

    Attribute( )

    Attribute( )

    Attribute( )

    Attribute( )

    Attribute( )

    Attribute( )

    Attribute( )

    Attribute( )

    Attribute( )

    Attribute( )

    Attribute( )

    Attribute( )

    Attribute( )

    Attribute( )

    Attribute( )

    Attribute( )

    Attribute( )

    Attribute( )

    Attribute( )

    Attribute( )

    Attribute( )

    Attribute( )

    Attribute( )

    Attribute( )

    Attribute( )

    Attribute( )

    Attribute( )

    Attribute( )

    Attribute( )

    Attribute( )

    Attribute( )

    Attribute( )

    Attribute( )

    Attribute( )

    Attribute( )

    Attribute( )

    Attribute( )

    Attribute( )

    Attribute( )

    Attribute( )

    Attribute( )

    Attribute( )

    Attribute( )

    Attribute( )

    Attribute( )

    Attribute( )

    Attribute( )

    Attribute( )

    Attribute( )

    Attribute( )

    Attribute( )

    Attribute( )

    Attribute( )

    Attribute( )

    Attribute( )

    Attribute( )

    Attribute( )

    Attribute( )

    Attribute( )

    Attribute( )

    Attribute( )

    Attribute( )

    Attribute( )

    Attribute( )

    Attribute( )

    Attribute( )

    Attribute( )

    Attribute( )

    Attribute( )

    Attribute( )

    Attribute( )

    Attribute( )

    Attribute( )

    Attribute( )

    Attribute( )

    Attribute( )

    Attribute( )

    Attribute( )

    Attribute( )

    Attribute( )

    Attribute( )

    Attribute( )

    Attribute( )

    Attribute( )

    Attribute( )

    Attribute( )

    Attribute( )

    Attribute( )

    Attribute( )

    Attribute( )

    Attribute( )

    Attribute( )

    Attribute( )

    Attribute( )

    Attribute( )

    Attribute( )

    Attribute( )

    Attribute( )

    Attribute( )

    Attribute( )

    Attribute( )

    Attribute( )

    Attribute( )

    Attribute( )

    Attribute( )

    Attribute( )

    Attribute( )

    Attribute( )

    Attribute( )

    Attribute( )

    Attribute( )

    Attribute( )

    Attribute( )

    Attribute( )

    Attribute( )

    Attribute( )

    Attribute( )

    Attribute( )

    Attribute( )

    Attribute( )

    Attribute( )

    Attribute( )

    Attribute( )

    Attribute( )

    Attribute( )

    Attribute( )

    Attribute( )

    Attribute( )

    Attribute( )

    Attribute( )

    Attribute( )

    Attribute( )

    Attribute( )

    Attribute( )

    Attribute( )

    Attribute( )

    Attribute( )

    Attribute( )

    Attribute( )

    Attribute( )

    Attribute( )

    Attribute( )

    Attribute( )

    Attribute( )

    Attribute( )

    Attribute( )

    Attribute( )

    Attribute( )

    Attribute( )

    Attribute( )

    Attribute( )

    Attribute( )

    Attribute( )

    Attribute( )

    Attribute( )

    Attribute( )

    Attribute( )

    Attribute( )

    Attribute( )

    Attribute( )

    Attribute( )

    Attribute( )

    Attribute( )

    Attribute( )

    Attribute( )

    Attribute( )

    Attribute( )

    Attribute( )

    Attribute( )

    Attribute( )

    Attribute( )

    Attribute( )

    Attribute( )

    Attribute( )

    Attribute( )

    Attribute( )

    Attribute( )

    Attribute( )

    Attribute( )

    Attribute( )

    Attribute( )

    Attribute( )

    Attribute( )

    Attribute( )

    Attribute( )

    Attribute( )

    Attribute( )

    Attribute( )

    Attribute( )

    Attribute( )

    Attribute( )

    Attribute( )

    Attribute( )

    Attribute( )

    Attribute( )

    Attribute( )

    Attribute( )

    Attribute( )

    Attribute( )

    Attribute( )

    Attribute( )

    Attribute( )

    Attribute( )

    Attribute( )

    Attribute( )

    Attribute( )

    Attribute( )

    Attribute( )

    Attribute( )

    Attribute( )

    Attribute( )

    Attribute( )

    Attribute( )

    Attribute( )

    Attribute( )

    Attribute( )

    Attribute( )

    Attribute( )

    Attribute( )

    Attribute( )

    Attribute( )

    Attribute( )

    Attribute( )

    Attribute( )

    Attribute( )

    Attribute( )

    Attribute( )

    Attribute( )

    Attribute( )

    Attribute( )

    Attribute( )

    Attribute( )

    Attribute( )

    Attribute( )

    Attribute( )

    Attribute( )

    Attribute( )

    Attribute( )

    Attribute( )

    Attribute( )

    Attribute( )

    Attribute( )

    Attribute( )

    Attribute( )

    Attribute( )

    Attribute( )

    Attribute( )

    Attribute( )

    Attribute( )

    Attribute( )

    Attribute( )

    Attribute( )

    Attribute( )

    Attribute( )

    Attribute( )

    Attribute( )

    Attribute( )

    Attribute( )

    Attribute( )

    Attribute( )

    Attribute( )

    Attribute( )

    Attribute( )

    Attribute( )

    Attribute( )

    Attribute( )

    Attribute( )

    Attribute( )

    Attribute( )

    Attribute( )

    Attribute( )

    Attribute( )

    Attribute( )

    Attribute( )

    Attribute( )

    Attribute( )

    Attribute( )

    Attribute( )

    Attribute( )

    Attribute( )

    Attribute( )

    Attribute( )

    Attribute( )

    Attribute( )

    Attribute( )

    Attribute( )

    Attribute( )

    Attribute( )

    Attribute( )

    Attribute( )

    Attribute( )

    Attribute( )

    Attribute( )

    Attribute( )

    Attribute( )

    Attribute( )

    Attribute( )

    Attribute( )

    Attribute( )

    Attribute( )

    Attribute( )

    Attribute( )

    Attribute( )

    Attribute( )

    Attribute( )

    Attribute( )

    Attribute( )

    Attribute( )

    Attribute( )

    Attribute( )

    Attribute( )

    Attribute( )

    Attribute( )

    Attribute( )

    Attribute( )

    Attribute( )

    Attribute( )

    Attribute( )

    Attribute( )

    Attribute( )

    Attribute( )

    Attribute( )

    Attribute( )

    Attribute( )

    Attribute( )

    Attribute( )

    Attribute( )

    Attribute( )

    Attribute( )

    Attribute( )

    Attribute( )

    Attribute( )

    Attribute( )

    Attribute( )

    Attribute( )

    Attribute( )

    Attribute( )

    Attribute( )

    Attribute( )

    Attribute( )

    Attribute( )

    Attribute( )

    Attribute( )

    Attribute( )

    Attribute( )

    Attribute( )

    Attribute( )

    Attribute( )

    Attribute( )

    Attribute( )

    Attribute( )

    Attribute( )

    Attribute( )

    Attribute( )

    Attribute( )

    Attribute( )

    Attribute( )

    Attribute( )

    Attribute( )

    Attribute( )

    Attribute( )

    Attribute( )

    Attribute( )

    Attribute( )

    Attribute( )

    Attribute( )

    Attribute( )

    Attribute( )

    Attribute( )

    Attribute( )

    Attribute( )

    Attribute( )

    Attribute( )

    Attribute( )

    Attribute( )

    Attribute( )

    Attribute( )

    Attribute( )

    Attribute( )

    Attribute( )

    Attribute( )

    Attribute( )

    Attribute( )

    Attribute( )

    Attribute( )

    Attribute( )

    Attribute( )

    Attribute( )

    Attribute( )

    Attribute( )

    Attribute( )

    Attribute( )

    Attribute( )

    Attribute( )

    Attribute( )

    Attribute( )

    Attribute( )

    Attribute( )

    Attribute( )

    Attribute( )

    Attribute( )

    Attribute( )

    Attribute( )

    Attribute( )

    Attribute( )

    Attribute( )

    Attribute( )

    Attribute( )

    Attribute( )

    Attribute( )

    Attribute( )

    Attribute( )

    Attribute( )

    Attribute( )

    Attribute( )

    Attribute( )

    Attribute( )

    Attribute( )

    Attribute( )

    Attribute( )

    Attribute( )

    Attribute( )

    Attribute( )

    Attribute( )

    Attribute( )

    Attribute( )

    Attribute( )

    Attribute( )

    Attribute( )

    Attribute( )

    Attribute( )

    Attribute( )

    Attribute( )

    Attribute( )

    Attribute( )

    Attribute( )

    Attribute( )

    Attribute( )

    Attribute( )

    Attribute( )

    Attribute( )

    Attribute( )

    Attribute( )

    Attribute( )

    Attribute( )

    Attribute( )

    Attribute( )

    Attribute( )

    Attribute( )

    Attribute( )

    Attribute( )

    Attribute( )

    Attribute( )

    Attribute( )

    Attribute( )

    Attribute( )

    Attribute( )

    Attribute( )

    Attribute( )

    Attribute( )

    Attribute( )

    Attribute( )

    Attribute( )

    Attribute( )

    Attribute( )

    Attribute( )

    Attribute( )

    Attribute( )

    Attribute( )

    Attribute( )

    Attribute( )

    Attribute( )

    Attribute( )

    Attribute( )

    Attribute( )

    Attribute( )

    Attribute( )

    Attribute( )

    Attribute( )

    Attribute( )

    Attribute( )

    Attribute( )

    Attribute( )

    Attribute( )

    Attribute( )

    Attribute( )

    Attribute( )

    Attribute( )

    Attribute( )

    Attribute( )

    Attribute( )

    Attribute( )

    Attribute( )

    Attribute( )

    Attribute( )

    Attribute( )

    Attribute( )

    Attribute( )

    Attribute( )

    Attribute( )

    Attribute( )

    Attribute( )

    Attribute( )

    Attribute( )

    Attribute( )

    Attribute( )

    Attribute( )

    Attribute( )

    Attribute( )

    Attribute( )

    Attribute( )

    Attribute( )

    Attribute( )

    Attribute( )

    Attribute( )

    Attribute( )

    Attribute( )

    Attribute( )

    Attribute( )

    Attribute( )

    Attribute( )

    Attribute( )

    Attribute( )

    Attribute( )

    Attribute( )

    Attribute( )

    Attribute( )

    Attribute( )

    Attribute( )

    Attribute( )

    Attribute( )

    Attribute( )

    Attribute( )

    Attribute( )

    Attribute( )

    Attribute( )

    Attribute( )

    Attribute( )

    Attribute( )

    Attribute( )

    Attribute( )

    Attribute( )

    Attribute( )

    Attribute( )

    Attribute( )

    Attribute( )

    Attribute( )

    Attribute( )

    Attribute( )

    Attribute( )

    Attribute( )

    Attribute( )

    Attribute( )

    Attribute( )

    Attribute( )

    Attribute( )

    Attribute( )

    Attribute( )

    Attribute( )

    Attribute( )

    Attribute( )

    Attribute( )

    Attribute( )

    Attribute( )

    Attribute( )

    Attribute( )

    Attribute( )

    Attribute( )

    Attribute( )

    Attribute( )

    Attribute( )

    Attribute( )

    Attribute( )

    Attribute( )

    Attribute( )

    Attribute( )

    Attribute( )

    Attribute( )

    Attribute( )

    Attribute( )

    Attribute( )

    Attribute( )

    Attribute( )

    Attribute( )

    Attribute( )

    Attribute( )

    Attribute( )

    Attribute( )

    Attribute( )

    Attribute( )

    Attribute( )

    Attribute( )

    Attribute( )

    Attribute( )

    Attribute( )

    Attribute( )

    Attribute( )

    Attribute( )

    Attribute( )

    Attribute( )

    Attribute( )

    Attribute( )

    Attribute( )

    Attribute( )

    Attribute( )

    Attribute( )

    Attribute( )

    Attribute( )

    Attribute( )

    Attribute( )

    Attribute( )

    Attribute( )

    Attribute( )

    Attribute( )

    Attribute( )

    Attribute( )

    Attribute( )

    Attribute( )

    Attribute( )

    Attribute( )

    Attribute( )

    Attribute( )

    Attribute( )

    Attribute( )

    Attribute( )

    Attribute( )

    Attribute( )

    Attribute( )

    Attribute( )

    Attribute( )

    Attribute( )

    Attribute( )

    Attribute( )

    Attribute( )

    Attribute( )

    Attribute( )

    Attribute( )

    Attribute( )

    Attribute( )

    Attribute( )

    Attribute( )

    Attribute( )

    Attribute( )

    Attribute( )

    Attribute( )

    Attribute( )

    Attribute( )

    Attribute( )

    Attribute( )

    Attribute( )

    Attribute( )

    Attribute( )

    Attribute( )

    Attribute( )

    Attribute( )

    Attribute( )

    Attribute( )

    Attribute( )

    Attribute( )

    Attribute( )

    Attribute( )

    Attribute( )

    Attribute( )

    Attribute( )

    Attribute( )

    Attribute( )

    Attribute( )

    Attribute( )

    Attribute( )

    Attribute( )

    Attribute( )

    Attribute( )

    Attribute( )

    Attribute( )

    Attribute( )

    Attribute( )

    Attribute( )

    Attribute( )

    Attribute( )

    Attribute( )

    Attribute( )

    Attribute( )

    Attribute( )

    Attribute( )

    Attribute( )

    Attribute( )

    Attribute( )

    Attribute( )

    Attribute( )

    Attribute( )

    Attribute( )

    Attribute( )

    Attribute( )

    Attribute( )

    Attribute( )

    Attribute( )

    Attribute( )

    Attribute( )

    Attribute( )

    Attribute( )

    Attribute( )

    Attribute( )

    Attribute( )

    Attribute( )

    Attribute( )

    Attribute( )

    Attribute( )

    Attribute( )

    Attribute( )

    Attribute( )

    Attribute( )

    Attribute( )

    Attribute( )

    Attribute( )

    Attribute( )

    Attribute( )

    Attribute( )

    Attribute( )

    Attribute( )

    Attribute( )

    Attribute( )

    Attribute( )

    Attribute( )

    Attribute( )

    Attribute( )

    Attribute( )

    Attribute( )

    Attribute( )

    Attribute( )

    Attribute( )

    Attribute( )

    Attribute( )

    Attribute( )

    Attribute( )

    Attribute( )

    Attribute( )

    Attribute( )

    Attribute( )

    Attribute( )

    Attribute( )

    Attribute( )

    Attribute( )

    Attribute( )

    Attribute( )

    Attribute( )

    Attribute( )

    Attribute( )

    Attribute( )

    Attribute( )

    Attribute( )

    Attribute( )

    Attribute( )

    Attribute( )

    Attribute( )

    Attribute( )

    Attribute( )

    Attribute( )

    Attribute( )

    Attribute( )

    Attribute( )

    Attribute( )

    Attribute( )

    Attribute( )

    Attribute( )

    Attribute( )

    Attribute( )

    Attribute( )

    Attribute( )

    Attribute( )

    Attribute( )

    Attribute( )

    Attribute( )

    Attribute( )

    Attribute( )

    Attribute( )

    Attribute( )

    Attribute( )

    Attribute( )

    Attribute( )

    Attribute( )

    Attribute( )

    Attribute( )

    Attribute( )

    Attribute( )

    Attribute( )

    Attribute( )

    Attribute( )

    Attribute( )

    Attribute( )

    Attribute( )

    Attribute( )

    Attribute( )

    Attribute( )

    Attribute( )

    Attribute( )

    Attribute( )

    Attribute( )

    Attribute( )

    Attribute( )

    Attribute( )

    Attribute( )

    Attribute( )

    Attribute( )

    Attribute( )

    Attribute( )

    Attribute( )

    Attribute( )

    Attribute( )

    Attribute( )

    Attribute( )

    Attribute( )

    Attribute( )

    Attribute( )

    Attribute( )

    Attribute( )

    Attribute( )

    Attribute( )

    Attribute( )

    Attribute( )

    Attribute( )

    Attribute( )

    Attribute( )

    Attribute( )

    Attribute( )

    Attribute( )

    Attribute( )

    Attribute( )

    Attribute( )

    Attribute( )

    Attribute( )

    Attribute( )

    Attribute( )

    Attribute( )

    Attribute( )

    Attribute( )

    Attribute( )

    Attribute( )

    Attribute( )

    Attribute( )

    Attribute( )

    Attribute( )

    Attribute( )

    Attribute( )

    Attribute( )

    Attribute( )

    Attribute( )

    Attribute( )

    Attribute( )

    Attribute( )

    Attribute( )

    Attribute( )

    Attribute( )

    Attribute( )

    Attribute( )

    Attribute( )

    Attribute( )

    Attribute( )

    Attribute( )

    Attribute( )

    Attribute( )

    Attribute( )

    Attribute( )

    Attribute( )

    Attribute( )

    Attribute( )

    Attribute( )

    Attribute( )

    Attribute( )

    Attribute( )

    Attribute( )

    Attribute( )

    Attribute( )

    Attribute( )

    Attribute( )

    Attribute( )

    Attribute( )

    Attribute( )

    Attribute( )

    Attribute( )

    Attribute( )

    Attribute( )

    Attribute( )

    Attribute( )

    Attribute( )

    Attribute( )

    Attribute( )

    Attribute( )

    Attribute( )

    Attribute( )

    Attribute( )

    Attribute( )

    Attribute( )

    Attribute( )

    Attribute( )

    Attribute( )

    Attribute( )

    Attribute( )

    Attribute( )

    Attribute( )

    Attribute( )

    Attribute( )

    Attribute( )

    Attribute( )

    Attribute( )

    Attribute( )

    Attribute( )

    Attribute( )

    Attribute( )

    Attribute( )

    Attribute( )

    Attribute( )

    Attribute( )

    Attribute( )

    Attribute( )

    Attribute( )

    Attribute( )

    Attribute( )

    Attribute( )

    Attribute( )

    Attribute( )

    Attribute( )

    Attribute( )

    Attribute( )

    Attribute( )

    Attribute( )

    Attribute( )

    Attribute( )

    Attribute( )

    Attribute( )

    Attribute( )

    Attribute( )

    Attribute( )

    Attribute( )

    Attribute( )

    Attribute( )

    Attribute( )

    Attribute( )

    Attribute( )

    Attribute( )

    Attribute( )

    Attribute( )

    Attribute( )

    Attribute( )

    Attribute( )

    Attribute( )

    Attribute( )

    Attribute( )

    Attribute( )

    Attribute( )

    Attribute( )

    Attribute( )

    Attribute( )

    Attribute( )

    Attribute( )

    Attribute( )

    Attribute( )

    Attribute( )

    Attribute( )

    Attribute( )

    Attribute( )

    Attribute( )

    Attribute( )

    Attribute( )

    Attribute( )

    Attribute( )

    Attribute( )

    Attribute( )

    Attribute( )

    Attribute( )

    Attribute( )

    Attribute( )

    Attribute( )

    Attribute( )

    Attribute( )

    Attribute( )

    Attribute( )

    Attribute( )

    Attribute( )

    Attribute( )

    Attribute( )

    Attribute( )

    Attribute( )

    Attribute( )

    Attribute( )

    Attribute( )

    Attribute( )

    Attribute( )

    Attribute( )

    Attribute( )

    Attribute( )

    Attribute( )

    Attribute( )

    Attribute( )

    Attribute( )

    Attribute( )

    Attribute( )

    Attribute( )

    Attribute( )

    Attribute( )

    Attribute( )

    Attribute( )

    Attribute( )

    Attribute( )

    Attribute( )

    Attribute( )

    Attribute( )

    Attribute( )

    Attribute( )

    Attribute( )

    Attribute( )

    Attribute( )

    Attribute( )

    Attribute( )

    Attribute( )

    Attribute( )

    Attribute( )

    Attribute( )

    Attribute( )

    Attribute( )

    Attribute( )

    Attribute( )

    Attribute( )

    Attribute( )

    Attribute( )

    Attribute( )

    Attribute( )

    Attribute( )

    Attribute( )

    Attribute( )

    Attribute( )

    Attribute( )

    Attribute( )

    Attribute( )

    Attribute( )

    Attribute( )

    Attribute( )

    Attribute( )

    Attribute( )

    Attribute( )

    Attribute( )

    Attribute( )

    Attribute( )

    Attribute( )

    Attribute( )

    Attribute( )

    Attribute( )

    Attribute( )

    Attribute( )

    Attribute( )

    Attribute( )

    Attribute( )

    Attribute( )

    Attribute( )

    Attribute( )

    Attribute( )

    Attribute( )

    Attribute( )

    Attribute( )

    Attribute( )

    Attribute( )

    Attribute( )

    Attribute( )

    Attribute( )

    Attribute( )

    Attribute( )

    Attribute( )

    Attribute( )

    Attribute( )

    Attribute( )

    Attribute( )

    Attribute( )

    Attribute( )

    Attribute( )

    Attribute( )

    Attribute( )

    Attribute( )

    Attribute( )

    Attribute( )

    Attribute( )

    Attribute( )

    Attribute( )

    Attribute( )

    Attribute( )

    Attribute( )

    Attribute( )

    Attribute( )

    Attribute( )

    Attribute( )

    Attribute( )

    Attribute( )

    Attribute( )

    Attribute( )

    Attribute( )

    Attribute( )

    Attribute( )

    Attribute( )

    Attribute( )

    Attribute( )

    Attribute( )

    Attribute( )

    Attribute( )

    Attribute( )

    Attribute( )

    Attribute( )

    Attribute( )

    Attribute( )

    Attribute( )

    Attribute( )

    Attribute( )

    Attribute( )

    Attribute( )

    Attribute( )

    Attribute( )

    Attribute( )

    Attribute( )

    Attribute( )

    Attribute( )

    Attribute( )

    Attribute( )

    Attribute( )

    Attribute( )

    Attribute( )

    Attribute( )

    Attribute( )

    Attribute( )

    Attribute( )

    Attribute( )

    Attribute( )

    Attribute( )

    Attribute( )

    Attribute( )

    Attribute( )

    Attribute( )

    Attribute( )

    Attribute( )

    Attribute( )

    Attribute( )

    Attribute( )

    Attribute( )

    Attribute( )

    Attribute( )

    Attribute( )

    Attribute( )

    Attribute( )

    Attribute( )

    Attribute( )

    Attribute( )

    Attribute( )

    Attribute( )

    Attribute( )

    Attribute( )

    Attribute( )

    Attribute( )

    Attribute( )

    Attribute( )

    Attribute( )

    Attribute( )

    Attribute( )

    Attribute( )

    Attribute( )

    Attribute( )

    Attribute( )

    Attribute( )

    Attribute( )

    Attribute( )

    Attribute( )

    Attribute( )

    Attribute( )

    Attribute( )

    Attribute( )

    Attribute( )

    Attribute( )

    Attribute( )

    Attribute( )

    Attribute( )

    Attribute( )

    Attribute( )

    Attribute( )

    Attribute( )

    Attribute( )

    Attribute( )

    Attribute( )

    Attribute( )

    Attribute( )

    Attribute( )

    Attribute( )

    Attribute( )

    Attribute( )

    Attribute( )

    Attribute( )

    Attribute( )

    Attribute( )

    Attribute( )

    Attribute( )

    Attribute( )

    Attribute( )

    Attribute( )

    Attribute( )

    Attribute( )

    Attribute( )

    Attribute( )

    Attribute( )

    Attribute( )

    Attribute( )

    Attribute( )

    Attribute( )

    Attribute( )

    Attribute( )

    Attribute( )

    Attribute( )

    Attribute( )

    Attribute( )

    Attribute( )

    Attribute( )

    Attribute( )

    Attribute( )

    Attribute( )

    Attribute( )

    Attribute( )

    Attribute( )

    Attribute( )

    Attribute( )

    Attribute( )

    Attribute( )

    Attribute( )

    Attribute( )

    Attribute( )

    Attribute( )

    Attribute( )

    Attribute( )

    Attribute( )

    Attribute( )

    Attribute( )

    Attribute( )

    Attribute( )

    Attribute( )

    Attribute( )

    Attribute( )

    Attribute( )

    Attribute( )

    Attribute( )

    Attribute( )

    Attribute( )

    Attribute( )

    Attribute( )

    Attribute( )

    Attribute( )

    Attribute( )

    Attribute( )

    Attribute( )

    Attribute( )

    Attribute( )

    Attribute( )

    Attribute( )

    Attribute( )

    Attribute( )

    Attribute( )

    Attribute( )

    Attribute( )
 )
ERROR: Attribute 'b' redefined.
