setDocumentLocator(locator={columnNumber=1, lineNumber=1})
startDocument()
   startElement(namespaceURI="", localName="doc", qName="doc", atts=[])
   endElement(namespaceURI="", localName="doc", qName="doc")
   fatalError(exception={columnNumber=8, lineNumber=1, publicId="", systemId="", message="unexpected character"})
