setDocumentLocator(locator={columnNumber=1, lineNumber=1})
startDocument()
   startDTD(name="doc", publicId="", systemId="")
      notationDecl(name="eps", publicId="", systemId="eps.exe")
      comment(ch=" missing space before NDATA ")
      fatalError(exception={columnNumber=30, lineNumber=4, publicId="", systemId="", message="letter is expected"})
