setDocumentLocator(locator={columnNumber=1, lineNumber=1})
startDocument()
   startDTD(name="doc", publicId="", systemId="")
      internatlEntityDecl(name="e", value="whatever")
   endDTD()
   startElement(namespaceURI="", localName="doc", qName="doc", atts=[])
      skippedEntity(name="f")
   endElement(namespaceURI="", localName="doc", qName="doc")
endDocument()
