setDocumentLocator(locator={columnNumber=1, lineNumber=1})
startDocument()
   startDTD(name="doc", publicId="", systemId="")
      internatlEntityDecl(name="foo", value="&bar;")
   endDTD()
   skippedEntity(name="bar")
   startElement(namespaceURI="", localName="doc", qName="doc", atts=[{localName="a", qName="a", uri="", type="CDATA", value=""}])
   endElement(namespaceURI="", localName="doc", qName="doc")
endDocument()
