setDocumentLocator(locator={columnNumber=1, lineNumber=1})
startDocument()
   startDTD(name="doc", publicId="", systemId="")
   endDTD()
   startElement(namespaceURI="", localName="doc", qName="doc", atts=[])
      fatalError(exception={columnNumber=7, lineNumber=4, publicId="", systemId="", message="unexpected end of file"})
