setDocumentLocator(locator={columnNumber=1, lineNumber=1})
startDocument()
   startDTD(name="doc", publicId="", systemId="")
      attributeDecl(eName="doc", aName="a", type="", valueDefault="", value="")
   endDTD()
   fatalError(exception={columnNumber=15, lineNumber=5, publicId="", systemId="", message="unexpected character"})
