setDocumentLocator(locator={columnNumber=1, lineNumber=1})
startDocument()
   processingInstruction(target="xml", data="version='1.0' standalone='yes'")
   startDTD(name="doc", publicId="", systemId="185.ent")
   endDTD()
   startElement(namespaceURI="", localName="doc", qName="doc", atts=[])
      skippedEntity(name="e")
   endElement(namespaceURI="", localName="doc", qName="doc")
endDocument()
