setDocumentLocator(locator={columnNumber=1, lineNumber=1})
startDocument()
   startDTD(name="a", publicId="", systemId="")
      attributeDecl(eName="a", aName="b", type="", valueDefault="", value="")
      attributeDecl(eName="a", aName="d", type="", valueDefault="", value="")
   endDTD()
   startElement(namespaceURI="", localName="a", qName="a", atts=[{localName="b", qName="b", uri="", type="CDATA", value="c"}, {localName="d", qName="d", uri="", type="CDATA", value="e"}])
   endElement(namespaceURI="", localName="a", qName="a")
endDocument()
