setDocumentLocator(locator={columnNumber=1, lineNumber=1})
startDocument()
   startDTD(name="doc", publicId="", systemId="")
   endDTD()
   startElement(namespaceURI="", localName="doc", qName="doc", atts=[])
      processingInstruction(target="pi", data="")
   endElement(namespaceURI="", localName="doc", qName="doc")
endDocument()
