setDocumentLocator(locator={columnNumber=1, lineNumber=1})
startDocument()
   startDTD(name="doc", publicId="", systemId="")
      externalEntityDecl(name="%e", publicId="", systemId="097.ent")
      attributeDecl(eName="doc", aName="a1", type="", valueDefault="", value="")
      resolveEntity(publicId="", systemId="097.ent", ret={})
      skippedEntity(name="%e")
      attributeDecl(eName="doc", aName="a2", type="", valueDefault="", value="")
   endDTD()
   startElement(namespaceURI="", localName="doc", qName="doc", atts=[])
   endElement(namespaceURI="", localName="doc", qName="doc")
endDocument()
